Archive member included because of file (symbol)

c:/program files (x86)/atmel/atmel toolchain/arm gcc/native/4.8.1429/arm-gnu-toolchain/bin/../lib/gcc/arm-none-eabi/4.8.3/../../../../arm-none-eabi/lib/armv7e-m/softfp\libc.a(lib_a-exit.o)
                              c:/program files (x86)/atmel/atmel toolchain/arm gcc/native/4.8.1429/arm-gnu-toolchain/bin/../lib/gcc/arm-none-eabi/4.8.3/../../../../arm-none-eabi/lib/armv7e-m/softfp/crt0.o (exit)
c:/program files (x86)/atmel/atmel toolchain/arm gcc/native/4.8.1429/arm-gnu-toolchain/bin/../lib/gcc/arm-none-eabi/4.8.3/../../../../arm-none-eabi/lib/armv7e-m/softfp\libc.a(lib_a-impure.o)
                              c:/program files (x86)/atmel/atmel toolchain/arm gcc/native/4.8.1429/arm-gnu-toolchain/bin/../lib/gcc/arm-none-eabi/4.8.3/../../../../arm-none-eabi/lib/armv7e-m/softfp\libc.a(lib_a-exit.o) (_global_impure_ptr)
c:/program files (x86)/atmel/atmel toolchain/arm gcc/native/4.8.1429/arm-gnu-toolchain/bin/../lib/gcc/arm-none-eabi/4.8.3/../../../../arm-none-eabi/lib/armv7e-m/softfp\libc.a(lib_a-init.o)
                              c:/program files (x86)/atmel/atmel toolchain/arm gcc/native/4.8.1429/arm-gnu-toolchain/bin/../lib/gcc/arm-none-eabi/4.8.3/../../../../arm-none-eabi/lib/armv7e-m/softfp/crt0.o (__libc_init_array)
c:/program files (x86)/atmel/atmel toolchain/arm gcc/native/4.8.1429/arm-gnu-toolchain/bin/../lib/gcc/arm-none-eabi/4.8.3/../../../../arm-none-eabi/lib/armv7e-m/softfp\libc.a(lib_a-memcmp.o)
                              sam4e-base/FreeRTOS/Source/tasks.o (memcmp)
c:/program files (x86)/atmel/atmel toolchain/arm gcc/native/4.8.1429/arm-gnu-toolchain/bin/../lib/gcc/arm-none-eabi/4.8.3/../../../../arm-none-eabi/lib/armv7e-m/softfp\libc.a(lib_a-memcpy-stub.o)
                              sam4e-base/FreeRTOS/Source/queue.o (memcpy)
c:/program files (x86)/atmel/atmel toolchain/arm gcc/native/4.8.1429/arm-gnu-toolchain/bin/../lib/gcc/arm-none-eabi/4.8.3/../../../../arm-none-eabi/lib/armv7e-m/softfp\libc.a(lib_a-memset.o)
                              c:/program files (x86)/atmel/atmel toolchain/arm gcc/native/4.8.1429/arm-gnu-toolchain/bin/../lib/gcc/arm-none-eabi/4.8.3/../../../../arm-none-eabi/lib/armv7e-m/softfp/crt0.o (memset)
c:/program files (x86)/atmel/atmel toolchain/arm gcc/native/4.8.1429/arm-gnu-toolchain/bin/../lib/gcc/arm-none-eabi/4.8.3/../../../../arm-none-eabi/lib/armv7e-m/softfp\libc.a(lib_a-printf.o)
                              DriversNotInBase/syscalls/gcc/syscalls.o (printf)
c:/program files (x86)/atmel/atmel toolchain/arm gcc/native/4.8.1429/arm-gnu-toolchain/bin/../lib/gcc/arm-none-eabi/4.8.3/../../../../arm-none-eabi/lib/armv7e-m/softfp\libc.a(lib_a-rand.o)
                              snakeGame.o (rand)
c:/program files (x86)/atmel/atmel toolchain/arm gcc/native/4.8.1429/arm-gnu-toolchain/bin/../lib/gcc/arm-none-eabi/4.8.3/../../../../arm-none-eabi/lib/armv7e-m/softfp\libc.a(lib_a-snprintf.o)
                              Task_DataLogger.o (snprintf)
c:/program files (x86)/atmel/atmel toolchain/arm gcc/native/4.8.1429/arm-gnu-toolchain/bin/../lib/gcc/arm-none-eabi/4.8.3/../../../../arm-none-eabi/lib/armv7e-m/softfp\libc.a(lib_a-sprintf.o)
                              sam4e-base/FreeRTOS/Source/tasks.o (sprintf)
c:/program files (x86)/atmel/atmel toolchain/arm gcc/native/4.8.1429/arm-gnu-toolchain/bin/../lib/gcc/arm-none-eabi/4.8.3/../../../../arm-none-eabi/lib/armv7e-m/softfp\libc.a(lib_a-strcpy.o)
                              sam4e-base/FreeRTOS/Source/tasks.o (strcpy)
c:/program files (x86)/atmel/atmel toolchain/arm gcc/native/4.8.1429/arm-gnu-toolchain/bin/../lib/gcc/arm-none-eabi/4.8.3/../../../../arm-none-eabi/lib/armv7e-m/softfp\libc.a(lib_a-strlen.o)
                              DriversNotInBase/FT800.o (strlen)
c:/program files (x86)/atmel/atmel toolchain/arm gcc/native/4.8.1429/arm-gnu-toolchain/bin/../lib/gcc/arm-none-eabi/4.8.3/../../../../arm-none-eabi/lib/armv7e-m/softfp\libc.a(lib_a-svfprintf.o)
                              c:/program files (x86)/atmel/atmel toolchain/arm gcc/native/4.8.1429/arm-gnu-toolchain/bin/../lib/gcc/arm-none-eabi/4.8.3/../../../../arm-none-eabi/lib/armv7e-m/softfp\libc.a(lib_a-snprintf.o) (_svfprintf_r)
c:/program files (x86)/atmel/atmel toolchain/arm gcc/native/4.8.1429/arm-gnu-toolchain/bin/../lib/gcc/arm-none-eabi/4.8.3/../../../../arm-none-eabi/lib/armv7e-m/softfp\libc.a(lib_a-vfprintf.o)
                              c:/program files (x86)/atmel/atmel toolchain/arm gcc/native/4.8.1429/arm-gnu-toolchain/bin/../lib/gcc/arm-none-eabi/4.8.3/../../../../arm-none-eabi/lib/armv7e-m/softfp\libc.a(lib_a-printf.o) (_vfprintf_r)
c:/program files (x86)/atmel/atmel toolchain/arm gcc/native/4.8.1429/arm-gnu-toolchain/bin/../lib/gcc/arm-none-eabi/4.8.3/../../../../arm-none-eabi/lib/armv7e-m/softfp\libc.a(lib_a-wsetup.o)
[...]
Memory Configuration

Name             Origin             Length             Attributes
rom              0x00400000         0x00100000         xr
ram              0x20000000         0x00020000         xrw
*default*        0x00000000         0xffffffff

Linker script and memory map

LOAD c:/program files (x86)/atmel/atmel toolchain/arm gcc/native/4.8.1429/arm-gnu-toolchain/bin/../lib/gcc/arm-none-eabi/4.8.3/armv7e-m/softfp/crti.o
LOAD c:/program files (x86)/atmel/atmel toolchain/arm gcc/native/4.8.1429/arm-gnu-toolchain/bin/../lib/gcc/arm-none-eabi/4.8.3/armv7e-m/softfp/crtbegin.o
LOAD c:/program files (x86)/atmel/atmel toolchain/arm gcc/native/4.8.1429/arm-gnu-toolchain/bin/../lib/gcc/arm-none-eabi/4.8.3/../../../../arm-none-eabi/lib/armv7e-m/softfp/crt0.o
LOAD CanHandler.o
LOAD cmsis/src/startup_sam4e.o
LOAD cmsis/src/system_sam4e.o
LOAD DriversNotInBase/config_sd_msc/ctrl_access.o
LOAD DriversNotInBase/IO_DashInit.o
LOAD DriversNotInBase/delay.o
LOAD DriversNotInBase/FT800.o
LOAD DriversNotInBase/Interrupt/interrupt_sam_nvic.o
LOAD DriversNotInBase/SD_FAT/fat/diskio.o
LOAD DriversNotInBase/SD_FAT/fat/ff.o
LOAD DriversNotInBase/SD_FAT/fat/option/ccsbcs.o
LOAD DriversNotInBase/SD_FAT/hsmci.o
LOAD DriversNotInBase/SD_FAT/sd_mmc.o
LOAD DriversNotInBase/SD_FAT/sd_mmc_mem.o
LOAD DriversNotInBase/spi.o
LOAD DriversNotInBase/stdio/read.o
LOAD DriversNotInBase/stdio/write.o
LOAD DriversNotInBase/syscalls/gcc/syscalls.o
LOAD DriversNotInBase/usb/main.o
LOAD DriversNotInBase/usb/udc.o
LOAD DriversNotInBase/usb/udi_msc.o
LOAD DriversNotInBase/usb/udi_msc_desc.o
LOAD DriversNotInBase/usb/udp_device.o
LOAD main.o
LOAD sam4e-base/FreeRTOS/RunTimeStatsTimer.o
LOAD sam4e-base/FreeRTOS/Source/croutine.o
LOAD sam4e-base/FreeRTOS/Source/event_groups.o
LOAD sam4e-base/FreeRTOS/Source/list.o
LOAD sam4e-base/FreeRTOS/Source/portable/GCC/ARM_CM4F/port.o
LOAD sam4e-base/FreeRTOS/Source/portable/MemMang/heap_4.o
LOAD sam4e-base/FreeRTOS/Source/queue.o
LOAD sam4e-base/FreeRTOS/Source/tasks.o
LOAD sam4e-base/FreeRTOS/Source/timers.o
LOAD sam4e-base/RevolveDrivers/can.o
LOAD sam4e-base/RevolveDrivers/eefc.o
LOAD sam4e-base/RevolveDrivers/pio.o
LOAD sam4e-base/RevolveDrivers/pmc.o
LOAD sam4e-base/RevolveDrivers/xpro-board.o
LOAD sam4e-base/sam4e-base.o
LOAD snakeGame.o
LOAD Task_ButtonInput.o
LOAD Task_DataLogger.o
LOAD Task_DeviceStatus.o
LOAD Task_Menu.o
LOAD Task_RemoteControl.o
LOAD Task_USBMSC.o
START GROUP
LOAD c:/program files (x86)/atmel/atmel toolchain/arm gcc/native/4.8.1429/arm-gnu-toolchain/bin/../lib/gcc/arm-none-eabi/4.8.3/../../../../arm-none-eabi/lib/armv7e-m/softfp\libm.a
END GROUP
START GROUP
LOAD c:/program files (x86)/atmel/atmel toolchain/arm gcc/native/4.8.1429/arm-gnu-toolchain/bin/../lib/gcc/arm-none-eabi/4.8.3/armv7e-m/softfp\libgcc.a
LOAD c:/program files (x86)/atmel/atmel toolchain/arm gcc/native/4.8.1429/arm-gnu-toolchain/bin/../lib/gcc/arm-none-eabi/4.8.3/../../../../arm-none-eabi/lib/armv7e-m/softfp\libc.a
END GROUP
LOAD c:/program files (x86)/atmel/atmel toolchain/arm gcc/native/4.8.1429/arm-gnu-toolchain/bin/../lib/gcc/arm-none-eabi/4.8.3/armv7e-m/softfp/crtend.o
LOAD c:/program files (x86)/atmel/atmel toolchain/arm gcc/native/4.8.1429/arm-gnu-toolchain/bin/../lib/gcc/arm-none-eabi/4.8.3/armv7e-m/softfp/crtn.o
                0x00000400                STACK_SIZE = DEFINED (STACK_SIZE)?STACK_SIZE:0x400
                0x00000200                HEAP_SIZE = DEFINED (HEAP_SIZE)?HEAP_SIZE:0x200

.text           0x00400000    0x1af3c
                0x00400000                . = ALIGN (0x4)
                0x00400000                _sfixed = .
 *(.vectors .vectors.*)
 .vectors       0x00400000       0xf8 cmsis/src/startup_sam4e.o
                0x00400000                exception_table
 *(.text .text.* .gnu.linkonce.t.*)
 .text          0x004000f8       0xb0 c:/program files (x86)/atmel/atmel toolchain/arm gcc/native/4.8.1429/arm-gnu-toolchain/bin/../lib/gcc/arm-none-eabi/4.8.3/armv7e-m/softfp/crtbegin.o
 .text.NVIC_ClearPendingIRQ
                0x004001a8       0x34 CanHandler.o
 .text.init_CanHandling
                0x004001dc      0x12c CanHandler.o
                0x004001dc                init_CanHandling
 .text.CAN0_Handler
                0x00400308      0x17c CanHandler.o
                0x00400308                CAN0_Handler
 .text.CAN1_Handler
                0x00400484       0xd0 CanHandler.o
                0x00400484                CAN1_Handler
 .text.Reset_Handler
                0x00400554       0x84 cmsis/src/startup_sam4e.o
                0x00400554                Reset_Handler
 .text.Dummy_Handler
                0x004005d8        0x8 cmsis/src/startup_sam4e.o
                0x004005d8                DACC_Handler
                0x004005d8                DebugMon_Handler
                0x004005d8                DMAC_Handler
                0x004005d8                HardFault_Handler
                0x004005d8                TC2_Handler
                0x004005d8                TWI1_Handler
                0x004005d8                AFEC1_Handler
                0x004005d8                NMI_Handler
                0x004005d8                TC7_Handler
                0x004005d8                USART0_Handler
                0x004005d8                RTT_Handler
                0x004005d8                RTC_Handler
                0x004005d8                UsageFault_Handler
                0x004005d8                TC6_Handler
                0x004005d8                WDT_Handler
                0x004005d8                TC4_Handler
                0x004005d8                TC1_Handler
                0x004005d8                HSMCI_Handler
                0x004005d8                UART1_Handler
                0x004005d8                TC3_Handler
                0x004005d8                ARM_Handler
                0x004005d8                Dummy_Handler
                0x004005d8                TWI0_Handler
                0x004005d8                USART1_Handler
                0x004005d8                AFEC0_Handler
                0x004005d8                ACC_Handler
                0x004005d8                PMC_Handler
                0x004005d8                PWM_Handler
                0x004005d8                GMAC_Handler
                0x004005d8                MemManage_Handler
                0x004005d8                SUPC_Handler
                0x004005d8                TC8_Handler
                0x004005d8                EFC_Handler
                0x004005d8                UART0_Handler
                0x004005d8                BusFault_Handler
                0x004005d8                RSTC_Handler
                0x004005d8                TC0_Handler
                0x004005d8                TC5_Handler
                0x004005d8                AES_Handler
 .text.get_nb_lun
                0x004005e0       0x10 DriversNotInBase/config_sd_msc/ctrl_access.o
                0x004005e0                get_nb_lun
 .text.mem_test_unit_ready
                0x004005f0       0x38 DriversNotInBase/config_sd_msc/ctrl_access.o
                0x004005f0                mem_test_unit_ready
 .text.mem_read_capacity
                0x00400628       0x40 DriversNotInBase/config_sd_msc/ctrl_access.o
                0x00400628                mem_read_capacity
 .text.mem_unload
                0x00400668       0x7c DriversNotInBase/config_sd_msc/ctrl_access.o
                0x00400668                mem_unload
 .text.mem_wr_protect
                0x004006e4       0x40 DriversNotInBase/config_sd_msc/ctrl_access.o
                0x004006e4                mem_wr_protect
 .text.mem_removal
                0x00400724       0x40 DriversNotInBase/config_sd_msc/ctrl_access.o
                0x00400724                mem_removal
 .text.mem_name
                0x00400764       0x28 DriversNotInBase/config_sd_msc/ctrl_access.o
                0x00400764                mem_name
 .text.rotaryEncoderInterruptFunction
                0x0040078c       0x38 DriversNotInBase/IO_DashInit.o
 .text.dash_io_init
                0x004007c4      0x114 DriversNotInBase/IO_DashInit.o
                0x004007c4                dash_io_init
 .text.pio_inputPulldown
                0x004008d8       0x38 DriversNotInBase/IO_DashInit.o
                0x004008d8                pio_inputPulldown
 .text.pio_inputDebounce
                0x00400910       0x5c DriversNotInBase/IO_DashInit.o
                0x00400910                pio_inputDebounce
 .text.delay_set_frequency
                0x0040096c       0x1c DriversNotInBase/delay.o
                0x0040096c                delay_set_frequency
 .text.host_command
                0x00400988       0x34 DriversNotInBase/FT800.o
                0x00400988                host_command
 .text.wr8      0x004009bc       0x4c DriversNotInBase/FT800.o
                0x004009bc                wr8
 .text.wr16     0x00400a08       0x54 DriversNotInBase/FT800.o
                0x00400a08                wr16
 .text.wr32     0x00400a5c       0x60 DriversNotInBase/FT800.o
                0x00400a5c                wr32
 .text.wr8s     0x00400abc      0x1b0 DriversNotInBase/FT800.o
                0x00400abc                wr8s
 .text.cmd_incrementn
                0x00400c6c       0x30 DriversNotInBase/FT800.o
                0x00400c6c                cmd_incrementn
 .text.cmd      0x00400c9c       0x30 DriversNotInBase/FT800.o
                0x00400c9c                cmd
 .text.FT800_Init
                0x00400ccc      0x124 DriversNotInBase/FT800.o
                0x00400ccc                FT800_Init
 .text.hsmci_reset
                0x00400df0       0x5c DriversNotInBase/SD_FAT/hsmci.o
 .text.hsmci_set_speed
                0x00400e4c       0x74 DriversNotInBase/SD_FAT/hsmci.o
 .text.hsmci_wait_busy
                0x00400ec0       0x4c DriversNotInBase/SD_FAT/hsmci.o
 .text.hsmci_send_cmd_execute
                0x00400f0c       0xec DriversNotInBase/SD_FAT/hsmci.o
 .text.hsmci_init
                0x00400ff8       0x34 DriversNotInBase/SD_FAT/hsmci.o
                0x00400ff8                hsmci_init
 .text.hsmci_get_bus_width
                0x0040102c       0x24 DriversNotInBase/SD_FAT/hsmci.o
                0x0040102c                hsmci_get_bus_width
 .text.hsmci_is_high_speed_capable
                0x00401050       0x10 DriversNotInBase/SD_FAT/hsmci.o
                0x00401050                hsmci_is_high_speed_capable
 .text.hsmci_select_device
                0x00401060       0x88 DriversNotInBase/SD_FAT/hsmci.o
                0x00401060                hsmci_select_device
 .text.hsmci_deselect_device
                0x004010e8       0x14 DriversNotInBase/SD_FAT/hsmci.o
                0x004010e8                hsmci_deselect_device
 .text.hsmci_send_clock
                0x004010fc       0x38 DriversNotInBase/SD_FAT/hsmci.o
                0x004010fc                hsmci_send_clock
 .text.hsmci_send_cmd
                0x00401134       0x44 DriversNotInBase/SD_FAT/hsmci.o
                0x00401134                hsmci_send_cmd
 .text.hsmci_get_response
                0x00401178       0x18 DriversNotInBase/SD_FAT/hsmci.o
                0x00401178                hsmci_get_response
 .text.hsmci_get_response_128
                0x00401190       0x6c DriversNotInBase/SD_FAT/hsmci.o
                0x00401190                hsmci_get_response_128
 .text.hsmci_adtc_start
                0x004011fc      0x120 DriversNotInBase/SD_FAT/hsmci.o
                0x004011fc                hsmci_adtc_start
 .text.hsmci_adtc_stop
                0x0040131c       0x24 DriversNotInBase/SD_FAT/hsmci.o
                0x0040131c                hsmci_adtc_stop
 .text.hsmci_start_read_blocks
                0x00401340       0xa0 DriversNotInBase/SD_FAT/hsmci.o
                0x00401340                hsmci_start_read_blocks
 .text.hsmci_wait_end_of_read_blocks
                0x004013e0       0x90 DriversNotInBase/SD_FAT/hsmci.o
                0x004013e0                hsmci_wait_end_of_read_blocks
 .text.hsmci_start_write_blocks
                0x00401470       0xa4 DriversNotInBase/SD_FAT/hsmci.o
                0x00401470                hsmci_start_write_blocks
 .text.hsmci_wait_end_of_write_blocks
                0x00401514       0x90 DriversNotInBase/SD_FAT/hsmci.o
                0x00401514                hsmci_wait_end_of_write_blocks
 .text.SDMMC_UNSTUFF_BITS
                0x004015a4      0x108 DriversNotInBase/SD_FAT/sd_mmc.o
 .text.sd_mmc_cmd9_mci
                0x004016ac       0x44 DriversNotInBase/SD_FAT/sd_mmc.o
 .text.sd_mmc_mci_card_init
                0x004016f0      0x220 DriversNotInBase/SD_FAT/sd_mmc.o
 .text.sd_cm6_set_high_speed
                0x00401910       0xe8 DriversNotInBase/SD_FAT/sd_mmc.o
 .text.sd_cmd8  0x004019f8       0x64 DriversNotInBase/SD_FAT/sd_mmc.o
 .text.sd_decode_csd
                0x00401a5c       0xf0 DriversNotInBase/SD_FAT/sd_mmc.o
 .text.sd_mmc_cmd13
                0x00401b4c       0x68 DriversNotInBase/SD_FAT/sd_mmc.o
 .text.sd_acmd6
                0x00401bb4       0x58 DriversNotInBase/SD_FAT/sd_mmc.o
 .text.sd_acmd51
                0x00401c0c      0x100 DriversNotInBase/SD_FAT/sd_mmc.o
 .text.sd_mmc_select_slot
                0x00401d0c       0xb4 DriversNotInBase/SD_FAT/sd_mmc.o
 .text.sd_mmc_configure_slot
                0x00401dc0       0x38 DriversNotInBase/SD_FAT/sd_mmc.o
 .text.sd_mmc_deselect_slot
                0x00401df8       0x20 DriversNotInBase/SD_FAT/sd_mmc.o
 .text.sd_mmc_init
                0x00401e18       0x88 DriversNotInBase/SD_FAT/sd_mmc.o
                0x00401e18                sd_mmc_init
 .text.sd_mmc_check
                0x00401ea0       0x64 DriversNotInBase/SD_FAT/sd_mmc.o
                0x00401ea0                sd_mmc_check
 .text.sd_mmc_get_type
                0x00401f04       0x3c DriversNotInBase/SD_FAT/sd_mmc.o
                0x00401f04                sd_mmc_get_type
 .text.sd_mmc_get_capacity
                0x00401f40       0x3c DriversNotInBase/SD_FAT/sd_mmc.o
                0x00401f40                sd_mmc_get_capacity
 .text.sd_mmc_is_write_protected
                0x00401f7c       0x18 DriversNotInBase/SD_FAT/sd_mmc.o
                0x00401f7c                sd_mmc_is_write_protected
 .text.sd_mmc_init_read_blocks
                0x00401f94       0xe8 DriversNotInBase/SD_FAT/sd_mmc.o
                0x00401f94                sd_mmc_init_read_blocks
 .text.sd_mmc_start_read_blocks
                0x0040207c       0x4c DriversNotInBase/SD_FAT/sd_mmc.o
                0x0040207c                sd_mmc_start_read_blocks
 .text.sd_mmc_wait_end_of_read_blocks
                0x004020c8       0x8c DriversNotInBase/SD_FAT/sd_mmc.o
                0x004020c8                sd_mmc_wait_end_of_read_blocks
 .text.sd_mmc_init_write_blocks
                0x00402154       0xe8 DriversNotInBase/SD_FAT/sd_mmc.o
                0x00402154                sd_mmc_init_write_blocks
 .text.sd_mmc_start_write_blocks
                0x0040223c       0x4c DriversNotInBase/SD_FAT/sd_mmc.o
                0x0040223c                sd_mmc_start_write_blocks
 .text.sd_mmc_wait_end_of_write_blocks
                0x00402288       0x88 DriversNotInBase/SD_FAT/sd_mmc.o
                0x00402288                sd_mmc_wait_end_of_write_blocks
 .text.sd_mci_op_cond
                0x00402310       0xac DriversNotInBase/SD_FAT/sd_mmc.o
 .text.sd_mmc_test_unit_ready
                0x004023bc       0x70 DriversNotInBase/SD_FAT/sd_mmc_mem.o
                0x004023bc                sd_mmc_test_unit_ready
 .text.sd_mmc_test_unit_ready_0
                0x0040242c       0x14 DriversNotInBase/SD_FAT/sd_mmc_mem.o
                0x0040242c                sd_mmc_test_unit_ready_0
 .text.sd_mmc_read_capacity
                0x00402440       0x38 DriversNotInBase/SD_FAT/sd_mmc_mem.o
                0x00402440                sd_mmc_read_capacity
 .text.sd_mmc_read_capacity_0
                0x00402478       0x20 DriversNotInBase/SD_FAT/sd_mmc_mem.o
                0x00402478                sd_mmc_read_capacity_0
 .text.sd_mmc_wr_protect
                0x00402498       0x20 DriversNotInBase/SD_FAT/sd_mmc_mem.o
                0x00402498                sd_mmc_wr_protect
 .text.sd_mmc_wr_protect_0
                0x004024b8       0x14 DriversNotInBase/SD_FAT/sd_mmc_mem.o
                0x004024b8                sd_mmc_wr_protect_0
 .text.sd_mmc_removal
                0x004024cc       0x18 DriversNotInBase/SD_FAT/sd_mmc_mem.o
                0x004024cc                sd_mmc_removal
 .text.sd_mmc_removal_0
                0x004024e4       0x14 DriversNotInBase/SD_FAT/sd_mmc_mem.o
                0x004024e4                sd_mmc_removal_0
 .text.sd_mmc_usb_read_10
                0x004024f8      0x100 DriversNotInBase/SD_FAT/sd_mmc_mem.o
                0x004024f8                sd_mmc_usb_read_10
 .text.sd_mmc_usb_read_10_0
                0x004025f8       0x28 DriversNotInBase/SD_FAT/sd_mmc_mem.o
                0x004025f8                sd_mmc_usb_read_10_0
 .text.sd_mmc_usb_write_10
                0x00402620      0x104 DriversNotInBase/SD_FAT/sd_mmc_mem.o
                0x00402620                sd_mmc_usb_write_10
 .text.sd_mmc_usb_write_10_0
                0x00402724       0x28 DriversNotInBase/SD_FAT/sd_mmc_mem.o
                0x00402724                sd_mmc_usb_write_10_0
 .text.sd_mmc_mem_2_ram
                0x0040274c       0x68 DriversNotInBase/SD_FAT/sd_mmc_mem.o
                0x0040274c                sd_mmc_mem_2_ram
 .text.sd_mmc_mem_2_ram_0
                0x004027b4       0x24 DriversNotInBase/SD_FAT/sd_mmc_mem.o
                0x004027b4                sd_mmc_mem_2_ram_0
 .text.sd_mmc_ram_2_mem_multiple
                0x004027d8       0x6c DriversNotInBase/SD_FAT/sd_mmc_mem.o
                0x004027d8                sd_mmc_ram_2_mem_multiple
 .text.sd_mmc_ram_2_mem_0
                0x00402844       0x28 DriversNotInBase/SD_FAT/sd_mmc_mem.o
                0x00402844                sd_mmc_ram_2_mem_0
 .text.NVIC_EnableIRQ
                0x0040286c       0x30 DriversNotInBase/spi.o
 .text.NVIC_DisableIRQ
                0x0040289c       0x34 DriversNotInBase/spi.o
 .text.NVIC_ClearPendingIRQ
                0x004028d0       0x34 DriversNotInBase/spi.o
 .text.NVIC_SetPriority
                0x00402904       0x54 DriversNotInBase/spi.o
 .text.spi_tranceive
                0x00402958       0x3c DriversNotInBase/spi.o
 .text.spi_freeRTOSTranceive
                0x00402994       0x74 DriversNotInBase/spi.o
                0x00402994                spi_freeRTOSTranceive
 .text.SPI_Handler
                0x00402a08       0x64 DriversNotInBase/spi.o
                0x00402a08                SPI_Handler
 .text.spi_setBaudRateHz
                0x00402a6c       0x54 DriversNotInBase/spi.o
                0x00402a6c                spi_setBaudRateHz
 .text.spi_setupMux
                0x00402ac0       0xf8 DriversNotInBase/spi.o
 .text.spi_masterInit
                0x00402bb8       0xc4 DriversNotInBase/spi.o
                0x00402bb8                spi_masterInit
 .text.spi_deviceInit
                0x00402c7c      0x168 DriversNotInBase/spi.o
                0x00402c7c                spi_deviceInit
 .text.udc_get_string_serial_name
                0x00402de4       0x14 DriversNotInBase/usb/udc.o
 .text.udc_get_eof_conf
                0x00402df8       0x24 DriversNotInBase/usb/udc.o
 .text.udc_next_desc_in_iface
                0x00402e1c       0x58 DriversNotInBase/usb/udc.o
 .text.udc_update_iface_desc
                0x00402e74       0x98 DriversNotInBase/usb/udc.o
 .text.udc_iface_disable
                0x00402f0c       0xa0 DriversNotInBase/usb/udc.o
 .text.udc_iface_enable
                0x00402fac       0xa0 DriversNotInBase/usb/udc.o
 .text.udc_reset
                0x0040304c       0x54 DriversNotInBase/usb/udc.o
                0x0040304c                udc_reset
 .text.udc_sof_notify
                0x004030a0       0x5c DriversNotInBase/usb/udc.o
                0x004030a0                udc_sof_notify
 .text.udc_req_std_dev_get_status
                0x004030fc       0x2c DriversNotInBase/usb/udc.o
 .text.udc_req_std_ep_get_status
                0x00403128       0x44 DriversNotInBase/usb/udc.o
 .text.udc_req_std_dev_clear_feature
                0x0040316c       0x40 DriversNotInBase/usb/udc.o
 .text.udc_req_std_ep_clear_feature
                0x004031ac       0x38 DriversNotInBase/usb/udc.o
 .text.udc_req_std_dev_set_feature
                0x004031e4       0x30 DriversNotInBase/usb/udc.o
 .text.udc_req_std_ep_set_feature
                0x00403214       0x48 DriversNotInBase/usb/udc.o
 .text.udc_valid_address
                0x0040325c       0x20 DriversNotInBase/usb/udc.o
 .text.udc_req_std_dev_set_address
                0x0040327c       0x2c DriversNotInBase/usb/udc.o
 .text.udc_req_std_dev_get_str_desc
                0x004032a8       0xc8 DriversNotInBase/usb/udc.o
 .text.udc_req_std_dev_get_descriptor
                0x00403370      0x11c DriversNotInBase/usb/udc.o
 .text.udc_req_std_dev_get_configuration
                0x0040348c       0x2c DriversNotInBase/usb/udc.o
 .text.udc_req_std_dev_set_configuration
                0x004034b8       0xc0 DriversNotInBase/usb/udc.o
 .text.udc_req_std_iface_get_setting
                0x00403578       0x98 DriversNotInBase/usb/udc.o
 .text.udc_req_std_iface_set_setting
                0x00403610       0x68 DriversNotInBase/usb/udc.o
 .text.udc_reqstd
                0x00403678      0x174 DriversNotInBase/usb/udc.o
 .text.udc_req_iface
                0x004037ec       0x98 DriversNotInBase/usb/udc.o
 .text.udc_req_ep
                0x00403884       0x90 DriversNotInBase/usb/udc.o
 .text.udc_process_setup
                0x00403914       0x94 DriversNotInBase/usb/udc.o
                0x00403914                udc_process_setup
 .text.udi_msc_enable
                0x004039a8       0xa8 DriversNotInBase/usb/udi_msc.o
                0x004039a8                udi_msc_enable
 .text.udi_msc_disable
                0x00403a50       0x2c DriversNotInBase/usb/udi_msc.o
                0x00403a50                udi_msc_disable
 .text.udi_msc_setup
                0x00403a7c       0xc4 DriversNotInBase/usb/udi_msc.o
                0x00403a7c                udi_msc_setup
 .text.udi_msc_getsetting
                0x00403b40       0x10 DriversNotInBase/usb/udi_msc.o
                0x00403b40                udi_msc_getsetting
 .text.udi_msc_cbw_invalid
                0x00403b50       0x34 DriversNotInBase/usb/udi_msc.o
 .text.udi_msc_csw_invalid
                0x00403b84       0x34 DriversNotInBase/usb/udi_msc.o
 .text.udi_msc_cbw_wait
                0x00403bb8       0x44 DriversNotInBase/usb/udi_msc.o
 .text.udi_msc_cbw_received
                0x00403bfc      0x28c DriversNotInBase/usb/udi_msc.o
 .text.udi_msc_cbw_validate
                0x00403e88       0x50 DriversNotInBase/usb/udi_msc.o
 .text.udi_msc_data_send
                0x00403ed8       0x48 DriversNotInBase/usb/udi_msc.o
 .text.udi_msc_data_sent
                0x00403f20       0x40 DriversNotInBase/usb/udi_msc.o
 .text.udi_msc_csw_process
                0x00403f60       0x4c DriversNotInBase/usb/udi_msc.o
 .text.udi_msc_csw_send
                0x00403fac       0x44 DriversNotInBase/usb/udi_msc.o
                0x00403fac                udi_msc_csw_send
 .text.udi_msc_csw_sent
                0x00403ff0       0x20 DriversNotInBase/usb/udi_msc.o
 .text.udi_msc_clear_sense
                0x00404010       0x24 DriversNotInBase/usb/udi_msc.o
 .text.udi_msc_sense_fail
                0x00404034       0x6c DriversNotInBase/usb/udi_msc.o
 .text.udi_msc_sense_pass
                0x004040a0       0x18 DriversNotInBase/usb/udi_msc.o
 .text.udi_msc_sense_fail_not_present
                0x004040b8       0x18 DriversNotInBase/usb/udi_msc.o
 .text.udi_msc_sense_fail_busy_or_change
                0x004040d0       0x18 DriversNotInBase/usb/udi_msc.o
 .text.udi_msc_sense_fail_hardware
                0x004040e8       0x14 DriversNotInBase/usb/udi_msc.o
 .text.udi_msc_sense_fail_protected
                0x004040fc       0x18 DriversNotInBase/usb/udi_msc.o
 .text.udi_msc_sense_fail_cdb_invalid
                0x00404114       0x18 DriversNotInBase/usb/udi_msc.o
 .text.udi_msc_sense_command_invalid
                0x0040412c       0x18 DriversNotInBase/usb/udi_msc.o
 .text.udi_msc_spc_requestsense
                0x00404144       0x50 DriversNotInBase/usb/udi_msc.o
 .text.udi_msc_spc_inquiry
                0x00404194       0xf8 DriversNotInBase/usb/udi_msc.o
 .text.udi_msc_spc_testunitready_global
                0x0040428c       0x4c DriversNotInBase/usb/udi_msc.o
 .text.udi_msc_spc_testunitready
                0x004042d8       0x24 DriversNotInBase/usb/udi_msc.o
 .text.udi_msc_spc_mode_sense
                0x004042fc      0x114 DriversNotInBase/usb/udi_msc.o
 .text.udi_msc_spc_prevent_allow_medium_removal
                0x00404410       0x38 DriversNotInBase/usb/udi_msc.o
 .text.udi_msc_sbc_start_stop
                0x00404448       0x74 DriversNotInBase/usb/udi_msc.o
 .text.udi_msc_sbc_read_capacity
                0x004044bc       0x98 DriversNotInBase/usb/udi_msc.o
 .text.udi_msc_sbc_trans
                0x00404554       0xd8 DriversNotInBase/usb/udi_msc.o
 .text.udi_msc_trans_ack
                0x0040462c       0x38 DriversNotInBase/usb/udi_msc.o
 .text.udi_msc_trans_block
                0x00404664       0xe0 DriversNotInBase/usb/udi_msc.o
                0x00404664                udi_msc_trans_block
 .text.cpu_irq_save
                0x00404744       0x38 DriversNotInBase/usb/udp_device.o
 .text.cpu_irq_is_enabled_flags
                0x0040477c       0x20 DriversNotInBase/usb/udp_device.o
 .text.cpu_irq_restore
                0x0040479c       0x30 DriversNotInBase/usb/udp_device.o
 .text.udd_sleep_mode
                0x004047cc       0x14 DriversNotInBase/usb/udp_device.o
 .text.UDP_Handler
                0x004047e0      0x1a4 DriversNotInBase/usb/udp_device.o
                0x004047e0                UDP_Handler
 .text.udd_set_address
                0x00404984       0x64 DriversNotInBase/usb/udp_device.o
                0x00404984                udd_set_address
 .text.udd_getaddress
                0x004049e8       0x30 DriversNotInBase/usb/udp_device.o
                0x004049e8                udd_getaddress
 .text.udd_set_setup_payload
                0x00404a18       0x28 DriversNotInBase/usb/udp_device.o
                0x00404a18                udd_set_setup_payload
 .text.udd_ep_alloc
                0x00404a40      0x180 DriversNotInBase/usb/udp_device.o
                0x00404a40                udd_ep_alloc
 .text.udd_ep_free
                0x00404bc0       0x48 DriversNotInBase/usb/udp_device.o
                0x00404bc0                udd_ep_free
 .text.udd_ep_is_halted
                0x00404c08       0x74 DriversNotInBase/usb/udp_device.o
                0x00404c08                udd_ep_is_halted
 .text.udd_ep_set_halt
                0x00404c7c       0xf4 DriversNotInBase/usb/udp_device.o
                0x00404c7c                udd_ep_set_halt
 .text.udd_ep_clear_halt
                0x00404d70      0x118 DriversNotInBase/usb/udp_device.o
                0x00404d70                udd_ep_clear_halt
 .text.udd_ep_run
                0x00404e88      0x158 DriversNotInBase/usb/udp_device.o
                0x00404e88                udd_ep_run
 .text.udd_ep_abort
                0x00404fe0      0x1c0 DriversNotInBase/usb/udp_device.o
                0x00404fe0                udd_ep_abort
 .text.udd_ep_wait_stall_clear
                0x004051a0       0xa0 DriversNotInBase/usb/udp_device.o
                0x004051a0                udd_ep_wait_stall_clear
 .text.udd_reset_ep_ctrl
                0x00405240       0xb0 DriversNotInBase/usb/udp_device.o
 .text.udd_ctrl_init
                0x004052f0       0x2c DriversNotInBase/usb/udp_device.o
 .text.udd_ctrl_setup_received
                0x0040531c      0x1ec DriversNotInBase/usb/udp_device.o
 .text.udd_ctrl_in_sent
                0x00405508      0x220 DriversNotInBase/usb/udp_device.o
 .text.udd_ctrl_out_received
                0x00405728      0x280 DriversNotInBase/usb/udp_device.o
 .text.udd_ctrl_stall_data
                0x004059a8       0x50 DriversNotInBase/usb/udp_device.o
 .text.udd_ctrl_send_zlp_in
                0x004059f8       0x50 DriversNotInBase/usb/udp_device.o
 .text.udd_ctrl_send_zlp_out
                0x00405a48       0x18 DriversNotInBase/usb/udp_device.o
 .text.udd_ctrl_endofrequest
                0x00405a60       0x18 DriversNotInBase/usb/udp_device.o
 .text.udd_ctrl_interrupt
                0x00405a78       0xac DriversNotInBase/usb/udp_device.o
 .text.udd_ep_job_table_kill
                0x00405b24       0x44 DriversNotInBase/usb/udp_device.o
 .text.udd_ep_abort_job
                0x00405b68       0x3c DriversNotInBase/usb/udp_device.o
 .text.udd_ep_finish_job
                0x00405ba4       0x70 DriversNotInBase/usb/udp_device.o
 .text.udd_ep_ack_out_received
                0x00405c14      0x114 DriversNotInBase/usb/udp_device.o
 .text.udd_ep_write_fifo
                0x00405d28      0x174 DriversNotInBase/usb/udp_device.o
 .text.udd_ep_in_sent
                0x00405e9c      0x100 DriversNotInBase/usb/udp_device.o
 .text.udd_ep_out_received
                0x00405f9c      0x114 DriversNotInBase/usb/udp_device.o
 .text.udd_ep_interrupt
                0x004060b0      0x4c0 DriversNotInBase/usb/udp_device.o
 .text.NVIC_SetPriorityGrouping
                0x00406570       0x48 main.o
 .text.main     0x004065b8       0xb0 main.o
                0x004065b8                main
 .text.hardwareInit
                0x00406668      0x114 main.o
 .text.vApplicationStackOverflowHook
                0x0040677c       0x20 main.o
                0x0040677c                vApplicationStackOverflowHook
 .text.vAssertCalled
                0x0040679c       0x38 main.o
                0x0040679c                vAssertCalled
 .text.vConfigureTimerForRunTimeStats
                0x004067d4       0x38 sam4e-base/FreeRTOS/RunTimeStatsTimer.o
                0x004067d4                vConfigureTimerForRunTimeStats
 .text.ulGetRunTimeCounterValue
                0x0040680c       0x78 sam4e-base/FreeRTOS/RunTimeStatsTimer.o
                0x0040680c                ulGetRunTimeCounterValue
 .text.vListInitialise
                0x00406884       0x40 sam4e-base/FreeRTOS/Source/list.o
                0x00406884                vListInitialise
 .text.vListInitialiseItem
                0x004068c4       0x18 sam4e-base/FreeRTOS/Source/list.o
                0x004068c4                vListInitialiseItem
 .text.vListInsertEnd
                0x004068dc       0x48 sam4e-base/FreeRTOS/Source/list.o
                0x004068dc                vListInsertEnd
 .text.vListInsert
                0x00406924       0x70 sam4e-base/FreeRTOS/Source/list.o
                0x00406924                vListInsert
 .text.uxListRemove
                0x00406994       0x54 sam4e-base/FreeRTOS/Source/list.o
                0x00406994                uxListRemove
 .text.pxPortInitialiseStack
                0x004069e8       0x64 sam4e-base/FreeRTOS/Source/portable/GCC/ARM_CM4F/port.o
                0x004069e8                pxPortInitialiseStack
 .text.prvTaskExitError
                0x00406a4c       0x3c sam4e-base/FreeRTOS/Source/portable/GCC/ARM_CM4F/port.o
 .text.SVC_Handler
                0x00406a88       0x20 sam4e-base/FreeRTOS/Source/portable/GCC/ARM_CM4F/port.o
                0x00406a88                SVC_Handler
 .text.prvPortStartFirstTask
                0x00406aa8       0x20 sam4e-base/FreeRTOS/Source/portable/GCC/ARM_CM4F/port.o
 .text.xPortStartScheduler
                0x00406ac8       0xe0 sam4e-base/FreeRTOS/Source/portable/GCC/ARM_CM4F/port.o
                0x00406ac8                xPortStartScheduler
 .text.vPortEnterCritical
                0x00406ba8       0x54 sam4e-base/FreeRTOS/Source/portable/GCC/ARM_CM4F/port.o
                0x00406ba8                vPortEnterCritical
 .text.vPortExitCritical
                0x00406bfc       0x48 sam4e-base/FreeRTOS/Source/portable/GCC/ARM_CM4F/port.o
                0x00406bfc                vPortExitCritical
 .text.PendSV_Handler
                0x00406c44       0x60 sam4e-base/FreeRTOS/Source/portable/GCC/ARM_CM4F/port.o
                0x00406c44                PendSV_Handler
 .text.SysTick_Handler
                0x00406ca4       0x48 sam4e-base/FreeRTOS/Source/portable/GCC/ARM_CM4F/port.o
                0x00406ca4                SysTick_Handler
 .text.vPortSuppressTicksAndSleep
                0x00406cec      0x188 sam4e-base/FreeRTOS/Source/portable/GCC/ARM_CM4F/port.o
                0x00406cec                vPortSuppressTicksAndSleep
 .text.vPortSetupTimerInterrupt
                0x00406e74       0x78 sam4e-base/FreeRTOS/Source/portable/GCC/ARM_CM4F/port.o
                0x00406e74                vPortSetupTimerInterrupt
 .text.vPortEnableVFP
                0x00406eec       0x14 sam4e-base/FreeRTOS/Source/portable/GCC/ARM_CM4F/port.o
 .text.vPortValidateInterruptPriority
                0x00406f00       0x68 sam4e-base/FreeRTOS/Source/portable/GCC/ARM_CM4F/port.o
                0x00406f00                vPortValidateInterruptPriority
 .text.pvPortMalloc
                0x00406f68      0x178 sam4e-base/FreeRTOS/Source/portable/MemMang/heap_4.o
                0x00406f68                pvPortMalloc
 .text.vPortFree
                0x004070e0       0xb0 sam4e-base/FreeRTOS/Source/portable/MemMang/heap_4.o
                0x004070e0                vPortFree
 .text.prvHeapInit
                0x00407190       0xc4 sam4e-base/FreeRTOS/Source/portable/MemMang/heap_4.o
 .text.prvInsertBlockIntoFreeList
                0x00407254       0xb0 sam4e-base/FreeRTOS/Source/portable/MemMang/heap_4.o
 .text.xQueueGenericReset
                0x00407304       0xdc sam4e-base/FreeRTOS/Source/queue.o
                0x00407304                xQueueGenericReset
 .text.xQueueGenericCreate
                0x004073e0       0xb8 sam4e-base/FreeRTOS/Source/queue.o
                0x004073e0                xQueueGenericCreate
 .text.xQueueCreateMutex
                0x00407498       0xb0 sam4e-base/FreeRTOS/Source/queue.o
                0x00407498                xQueueCreateMutex
 .text.xQueueGenericSend
                0x00407548      0x228 sam4e-base/FreeRTOS/Source/queue.o
                0x00407548                xQueueGenericSend
 .text.xQueueGenericSendFromISR
                0x00407770      0x138 sam4e-base/FreeRTOS/Source/queue.o
                0x00407770                xQueueGenericSendFromISR
 .text.xQueueGiveFromISR
                0x004078a8       0xf8 sam4e-base/FreeRTOS/Source/queue.o
                0x004078a8                xQueueGiveFromISR
 .text.xQueueGenericReceive
                0x004079a0      0x230 sam4e-base/FreeRTOS/Source/queue.o
                0x004079a0                xQueueGenericReceive
 .text.vQueueDelete
                0x00407bd0       0x40 sam4e-base/FreeRTOS/Source/queue.o
                0x00407bd0                vQueueDelete
 .text.prvCopyDataToQueue
                0x00407c10       0xe4 sam4e-base/FreeRTOS/Source/queue.o
 .text.prvCopyDataFromQueue
                0x00407cf4       0x50 sam4e-base/FreeRTOS/Source/queue.o
 .text.prvUnlockQueue
                0x00407d44       0xc8 sam4e-base/FreeRTOS/Source/queue.o
 .text.prvIsQueueEmpty
                0x00407e0c       0x34 sam4e-base/FreeRTOS/Source/queue.o
 .text.prvIsQueueFull
                0x00407e40       0x38 sam4e-base/FreeRTOS/Source/queue.o
 .text.vQueueAddToRegistry
                0x00407e78       0x50 sam4e-base/FreeRTOS/Source/queue.o
                0x00407e78                vQueueAddToRegistry
 .text.vQueueUnregisterQueue
                0x00407ec8       0x44 sam4e-base/FreeRTOS/Source/queue.o
                0x00407ec8                vQueueUnregisterQueue
 .text.vQueueWaitForMessageRestricted
                0x00407f0c       0x68 sam4e-base/FreeRTOS/Source/queue.o
                0x00407f0c                vQueueWaitForMessageRestricted
 .text.prvNotifyQueueSetContainer
                0x00407f74       0x8c sam4e-base/FreeRTOS/Source/queue.o
 .text.xTaskGenericCreate
                0x00408000      0x1a4 sam4e-base/FreeRTOS/Source/tasks.o
                0x00408000                xTaskGenericCreate
 .text.vTaskDelay
                0x004081a4       0xb0 sam4e-base/FreeRTOS/Source/tasks.o
                0x004081a4                vTaskDelay
 .text.vTaskStartScheduler
                0x00408254       0x9c sam4e-base/FreeRTOS/Source/tasks.o
                0x00408254                vTaskStartScheduler
 .text.vTaskSuspendAll
                0x004082f0       0x1c sam4e-base/FreeRTOS/Source/tasks.o
                0x004082f0                vTaskSuspendAll
 .text.prvGetExpectedIdleTime
                0x0040830c       0x50 sam4e-base/FreeRTOS/Source/tasks.o
 .text.xTaskResumeAll
                0x0040835c      0x138 sam4e-base/FreeRTOS/Source/tasks.o
                0x0040835c                xTaskResumeAll
 .text.xTaskGetTickCount
                0x00408494       0x20 sam4e-base/FreeRTOS/Source/tasks.o
                0x00408494                xTaskGetTickCount
 .text.vTaskStepTick
                0x004084b4       0x44 sam4e-base/FreeRTOS/Source/tasks.o
                0x004084b4                vTaskStepTick
 .text.xTaskIncrementTick
                0x004084f8      0x184 sam4e-base/FreeRTOS/Source/tasks.o
                0x004084f8                xTaskIncrementTick
 .text.vTaskSwitchContext
                0x0040867c      0x140 sam4e-base/FreeRTOS/Source/tasks.o
                0x0040867c                vTaskSwitchContext
 .text.vTaskPlaceOnEventList
                0x004087bc       0xa8 sam4e-base/FreeRTOS/Source/tasks.o
                0x004087bc                vTaskPlaceOnEventList
 .text.vTaskPlaceOnEventListRestricted
                0x00408864       0x88 sam4e-base/FreeRTOS/Source/tasks.o
                0x00408864                vTaskPlaceOnEventListRestricted
 .text.xTaskRemoveFromEventList
                0x004088ec       0xd0 sam4e-base/FreeRTOS/Source/tasks.o
                0x004088ec                xTaskRemoveFromEventList
 .text.vTaskSetTimeOutState
                0x004089bc       0x40 sam4e-base/FreeRTOS/Source/tasks.o
                0x004089bc                vTaskSetTimeOutState
 .text.xTaskCheckForTimeOut
                0x004089fc       0xbc sam4e-base/FreeRTOS/Source/tasks.o
                0x004089fc                xTaskCheckForTimeOut
 .text.vTaskMissedYield
                0x00408ab8       0x18 sam4e-base/FreeRTOS/Source/tasks.o
                0x00408ab8                vTaskMissedYield
 .text.prvIdleTask
                0x00408ad0       0x90 sam4e-base/FreeRTOS/Source/tasks.o
 .text.eTaskConfirmSleepModeStatus
                0x00408b60       0x3c sam4e-base/FreeRTOS/Source/tasks.o
                0x00408b60                eTaskConfirmSleepModeStatus
 .text.prvInitialiseTCBVariables
                0x00408b9c       0xac sam4e-base/FreeRTOS/Source/tasks.o
 .text.prvInitialiseTaskLists
                0x00408c48       0x80 sam4e-base/FreeRTOS/Source/tasks.o
 .text.prvCheckTasksWaitingTermination
                0x00408cc8       0x8c sam4e-base/FreeRTOS/Source/tasks.o
 .text.prvAddCurrentTaskToDelayedList
                0x00408d54       0x70 sam4e-base/FreeRTOS/Source/tasks.o
 .text.prvAllocateTCBAndStack
                0x00408dc4       0x7c sam4e-base/FreeRTOS/Source/tasks.o
 .text.prvDeleteTCB
                0x00408e40       0x24 sam4e-base/FreeRTOS/Source/tasks.o
 .text.prvResetNextTaskUnblockTime
                0x00408e64       0x48 sam4e-base/FreeRTOS/Source/tasks.o
 .text.xTaskGetSchedulerState
                0x00408eac       0x3c sam4e-base/FreeRTOS/Source/tasks.o
                0x00408eac                xTaskGetSchedulerState
 .text.vTaskPriorityInherit
                0x00408ee8       0xf4 sam4e-base/FreeRTOS/Source/tasks.o
                0x00408ee8                vTaskPriorityInherit
 .text.xTaskPriorityDisinherit
                0x00408fdc       0xec sam4e-base/FreeRTOS/Source/tasks.o
                0x00408fdc                xTaskPriorityDisinherit
 .text.pvTaskIncrementMutexHeldCount
                0x004090c8       0x28 sam4e-base/FreeRTOS/Source/tasks.o
                0x004090c8                pvTaskIncrementMutexHeldCount
 .text.xTimerCreateTimerTask
                0x004090f0       0x6c sam4e-base/FreeRTOS/Source/timers.o
                0x004090f0                xTimerCreateTimerTask
 .text.xTimerCreate
                0x0040915c       0x84 sam4e-base/FreeRTOS/Source/timers.o
                0x0040915c                xTimerCreate
 .text.xTimerGenericCommand
                0x004091e0       0x98 sam4e-base/FreeRTOS/Source/timers.o
                0x004091e0                xTimerGenericCommand
 .text.prvProcessExpiredTimer
                0x00409278       0x88 sam4e-base/FreeRTOS/Source/timers.o
 .text.prvTimerTask
                0x00409300       0x30 sam4e-base/FreeRTOS/Source/timers.o
 .text.prvProcessTimerOrBlockTask
                0x00409330       0x90 sam4e-base/FreeRTOS/Source/timers.o
 .text.prvGetNextExpireTime
                0x004093c0       0x48 sam4e-base/FreeRTOS/Source/timers.o
 .text.prvSampleTimeNow
                0x00409408       0x48 sam4e-base/FreeRTOS/Source/timers.o
 .text.prvInsertTimerInActiveList
                0x00409450       0x88 sam4e-base/FreeRTOS/Source/timers.o
 .text.prvProcessReceivedCommands
                0x004094d8      0x16c sam4e-base/FreeRTOS/Source/timers.o
 .text.prvSwitchTimerLists
                0x00409644       0xc8 sam4e-base/FreeRTOS/Source/timers.o
 .text.prvCheckForValidListAndQueue
                0x0040970c       0x98 sam4e-base/FreeRTOS/Source/timers.o
 .text.pvTimerGetTimerID
                0x004097a4       0x1c sam4e-base/FreeRTOS/Source/timers.o
                0x004097a4                pvTimerGetTimerID
 .text.NVIC_EnableIRQ
                0x004097c0       0x30 sam4e-base/RevolveDrivers/can.o
 .text.NVIC_DisableIRQ
                0x004097f0       0x34 sam4e-base/RevolveDrivers/can.o
 .text.NVIC_ClearPendingIRQ
                0x00409824       0x34 sam4e-base/RevolveDrivers/can.o
 .text.NVIC_SetPriority
                0x00409858       0x54 sam4e-base/RevolveDrivers/can.o
 .text.can_writeProtectionEnable
                0x004098ac       0x20 sam4e-base/RevolveDrivers/can.o
                0x004098ac                can_writeProtectionEnable
 .text.can_writeProtectionDisable
                0x004098cc       0x20 sam4e-base/RevolveDrivers/can.o
                0x004098cc                can_writeProtectionDisable
 .text.can_enable
                0x004098ec       0x30 sam4e-base/RevolveDrivers/can.o
                0x004098ec                can_enable
 .text.can_disable
                0x0040991c       0x30 sam4e-base/RevolveDrivers/can.o
                0x0040991c                can_disable
 .text.can_setBaudrate
                0x0040994c      0x164 sam4e-base/RevolveDrivers/can.o
 .text.can_setPeripheralMux
                0x00409ab0       0x5c sam4e-base/RevolveDrivers/can.o
                0x00409ab0                can_setPeripheralMux
 .text.can_enablePMC
                0x00409b0c       0x4c sam4e-base/RevolveDrivers/can.o
                0x00409b0c                can_enablePMC
 .text.can_setupTXMailbox
                0x00409b58       0x6c sam4e-base/RevolveDrivers/can.o
                0x00409b58                can_setupTXMailbox
 .text.can_setupRXMailbox
                0x00409bc4       0x70 sam4e-base/RevolveDrivers/can.o
                0x00409bc4                can_setupRXMailbox
 .text.can_disableMailbox
                0x00409c34       0x84 sam4e-base/RevolveDrivers/can.o
                0x00409c34                can_disableMailbox
 .text.can_init
                0x00409cb8       0xa4 sam4e-base/RevolveDrivers/can.o
                0x00409cb8                can_init
 .text.can_setupFilters
                0x00409d5c       0x6c sam4e-base/RevolveDrivers/can.o
                0x00409d5c                can_setupFilters
 .text.can_sendMessage
                0x00409dc8       0x84 sam4e-base/RevolveDrivers/can.o
                0x00409dc8                can_sendMessage
 .text.can_read_message
                0x00409e4c       0x8c sam4e-base/RevolveDrivers/can.o
                0x00409e4c                can_read_message
 .text.can_enableRXInterrupt
                0x00409ed8       0x98 sam4e-base/RevolveDrivers/can.o
                0x00409ed8                can_enableRXInterrupt
 .text.can_popMessage
                0x00409f70       0x58 sam4e-base/RevolveDrivers/can.o
                0x00409f70                can_popMessage
 .text.init_flash
                0x00409fc8       0x1c sam4e-base/RevolveDrivers/eefc.o
                0x00409fc8                init_flash
 .text.NVIC_EnableIRQ
                0x00409fe4       0x30 sam4e-base/RevolveDrivers/pio.o
 .text.pio_init
                0x0040a014       0x4c sam4e-base/RevolveDrivers/pio.o
                0x0040a014                pio_init
 .text.pio_enableOutput
                0x0040a060       0x34 sam4e-base/RevolveDrivers/pio.o
                0x0040a060                pio_enableOutput
 .text.pio_disableOutput
                0x0040a094       0x34 sam4e-base/RevolveDrivers/pio.o
                0x0040a094                pio_disableOutput
 .text.pio_setOutput
                0x0040a0c8       0x48 sam4e-base/RevolveDrivers/pio.o
                0x0040a0c8                pio_setOutput
 .text.pio_setMux
                0x0040a110      0x134 sam4e-base/RevolveDrivers/pio.o
                0x0040a110                pio_setMux
 .text.pio_setPull
                0x0040a244       0x58 sam4e-base/RevolveDrivers/pio.o
                0x0040a244                pio_setPull
 .text.pio_setFilter
                0x0040a29c       0x88 sam4e-base/RevolveDrivers/pio.o
                0x0040a29c                pio_setFilter
 .text.pio_setFallingEdgeInterrupt
                0x0040a324       0x48 sam4e-base/RevolveDrivers/pio.o
                0x0040a324                pio_setFallingEdgeInterrupt
 .text.pio_setRisingEdgeInterrupt
                0x0040a36c       0x48 sam4e-base/RevolveDrivers/pio.o
                0x0040a36c                pio_setRisingEdgeInterrupt
 .text.pio_setLowLevelInterrupt
                0x0040a3b4       0x48 sam4e-base/RevolveDrivers/pio.o
                0x0040a3b4                pio_setLowLevelInterrupt
 .text.pio_setHighLevelInterrupt
                0x0040a3fc       0x48 sam4e-base/RevolveDrivers/pio.o
                0x0040a3fc                pio_setHighLevelInterrupt
 .text.pio_enableInterrupt
                0x0040a444      0x128 sam4e-base/RevolveDrivers/pio.o
                0x0040a444                pio_enableInterrupt
 .text.pio_enablePullup
                0x0040a56c       0x44 sam4e-base/RevolveDrivers/pio.o
 .text.pio_enablePulldown
                0x0040a5b0       0x44 sam4e-base/RevolveDrivers/pio.o
 .text.pio_disablePull
                0x0040a5f4       0x44 sam4e-base/RevolveDrivers/pio.o
 .text.pio_enableWriteProtection
                0x0040a638       0x20 sam4e-base/RevolveDrivers/pio.o
 .text.pio_disableWriteProtection
                0x0040a658       0x20 sam4e-base/RevolveDrivers/pio.o
 .text.PIOA_Handler
                0x0040a678       0x50 sam4e-base/RevolveDrivers/pio.o
                0x0040a678                PIOA_Handler
 .text.PIOB_Handler
                0x0040a6c8       0x50 sam4e-base/RevolveDrivers/pio.o
                0x0040a6c8                PIOB_Handler
 .text.PIOC_Handler
                0x0040a718       0x50 sam4e-base/RevolveDrivers/pio.o
                0x0040a718                PIOC_Handler
 .text.PIOD_Handler
                0x0040a768       0x50 sam4e-base/RevolveDrivers/pio.o
                0x0040a768                PIOD_Handler
 .text.PIOE_Handler
                0x0040a7b8       0x50 sam4e-base/RevolveDrivers/pio.o
                0x0040a7b8                PIOE_Handler
 .text.pmc_enable_writeprotect
                0x0040a808       0x1c sam4e-base/RevolveDrivers/pmc.o
                0x0040a808                pmc_enable_writeprotect
 .text.pmc_disable_writeprotect
                0x0040a824       0x1c sam4e-base/RevolveDrivers/pmc.o
                0x0040a824                pmc_disable_writeprotect
 .text.pmc_mck_set_prescaler
                0x0040a840       0x34 sam4e-base/RevolveDrivers/pmc.o
                0x0040a840                pmc_mck_set_prescaler
 .text.pmc_mck_set_source
                0x0040a874       0x34 sam4e-base/RevolveDrivers/pmc.o
                0x0040a874                pmc_mck_set_source
 .text.pmc_switch_mainck_to_fastrc
                0x0040a8a8       0x24 sam4e-base/RevolveDrivers/pmc.o
                0x0040a8a8                pmc_switch_mainck_to_fastrc
 .text.pmc_enable_fastrc
                0x0040a8cc       0x30 sam4e-base/RevolveDrivers/pmc.o
                0x0040a8cc                pmc_enable_fastrc
 .text.pmc_set_fastrc_frequency
                0x0040a8fc       0x3c sam4e-base/RevolveDrivers/pmc.o
                0x0040a8fc                pmc_set_fastrc_frequency
 .text.pmc_disable_fastrc
                0x0040a938       0x24 sam4e-base/RevolveDrivers/pmc.o
                0x0040a938                pmc_disable_fastrc
 .text.pmc_xtal_ready
                0x0040a95c       0x1c sam4e-base/RevolveDrivers/pmc.o
                0x0040a95c                pmc_xtal_ready
 .text.pmc_enable_main_xtal
                0x0040a978       0x4c sam4e-base/RevolveDrivers/pmc.o
                0x0040a978                pmc_enable_main_xtal
 .text.pmc_switch_mainck_to_xtal
                0x0040a9c4       0x2c sam4e-base/RevolveDrivers/pmc.o
                0x0040a9c4                pmc_switch_mainck_to_xtal
 .text.pmc_disable_pllack
                0x0040a9f0       0x18 sam4e-base/RevolveDrivers/pmc.o
                0x0040a9f0                pmc_disable_pllack
 .text.pmc_plla_is_locked
                0x0040aa08       0x1c sam4e-base/RevolveDrivers/pmc.o
                0x0040aa08                pmc_plla_is_locked
 .text.pmc_enable_pllack
                0x0040aa24       0x64 sam4e-base/RevolveDrivers/pmc.o
                0x0040aa24                pmc_enable_pllack
 .text.pmc_select_main_clock
                0x0040aa88       0xe0 sam4e-base/RevolveDrivers/pmc.o
                0x0040aa88                pmc_select_main_clock
 .text.pmc_select_master_clock
                0x0040ab68       0x44 sam4e-base/RevolveDrivers/pmc.o
                0x0040ab68                pmc_select_master_clock
 .text.pmc_disable_periph_clk
                0x0040abac       0x90 sam4e-base/RevolveDrivers/pmc.o
                0x0040abac                pmc_disable_periph_clk
 .text.pmc_enable_periph_clk
                0x0040ac3c       0x90 sam4e-base/RevolveDrivers/pmc.o
                0x0040ac3c                pmc_enable_periph_clk
 .text.pmc_init
                0x0040accc       0x58 sam4e-base/RevolveDrivers/pmc.o
                0x0040accc                pmc_init
 .text.snakeTimerCallback
                0x0040ad24       0x18 snakeGame.o
 .text.snakeControlFunction
                0x0040ad3c      0x13c snakeGame.o
                0x0040ad3c                snakeControlFunction
 .text.updateSnake
                0x0040ae78       0xb8 snakeGame.o
 .text.initMap  0x0040af30      0x130 snakeGame.o
 .text.changeDirection
                0x0040b060       0x84 snakeGame.o
 .text.moveSnake
                0x0040b0e4      0x1d4 snakeGame.o
 .text.checkForSelfCollision
                0x0040b2b8       0xb4 snakeGame.o
 .text.renderSnake
                0x0040b36c      0x41c snakeGame.o
 .text.generateFood
                0x0040b788       0x9c snakeGame.o
 .text.dashTask
                0x0040b824      0x240 Task_Menu.o
                0x0040b824                dashTask
 .text.dashboardControlFunction
                0x0040ba64      0x150 Task_Menu.o
 .text.changeCarState
                0x0040bbb4      0x258 Task_Menu.o
 .text.HandleButtonActions
                0x0040be0c      0x294 Task_Menu.o
 .text.NavigateMenu
                0x0040c0a0      0x25c Task_Menu.o
 .text.LEDHandler
                0x0040c2fc       0x68 Task_Menu.o
 .text.getDashMessages
                0x0040c364      0x214 Task_Menu.o
 .text.can_freeRTOSSendMessage
                0x0040c578       0xd8 Task_Menu.o
 .text.checkForError
                0x0040c650       0x34 Task_Menu.o
 .text.HandleErrors
                0x0040c684      0x18c Task_Menu.o
 .text.calibrateTorquePedal
                0x0040c810      0x45c Task_Menu.o
 .text.calibrateSteering
                0x0040cc6c      0x258 Task_Menu.o
 .text.torquePedalNotReleased
                0x0040cec4       0x34 Task_Menu.o
 .text.brakesNotActive
                0x0040cef8       0x2c Task_Menu.o
 .text.bmsNotCharged
                0x0040cf24       0x2c Task_Menu.o
 .text.vRTDSCallback
                0x0040cf50       0x44 Task_Menu.o
 .text.vLcTimerCallback
                0x0040cf94       0x3c Task_Menu.o
 .text.vCalibrationTimerCallback
                0x0040cfd0       0x28 Task_Menu.o
 .text.vVarConfTimerCallback
                0x0040cff8       0x1c Task_Menu.o
 .text.vMenuUpdateCallback
                0x0040d014       0x54 Task_Menu.o
 .text.init_sensorRealValue_struct
                0x0040d068       0xb4 Task_Menu.o
 .text.init_sensor_value_struct
                0x0040d11c       0x2c Task_Menu.o
 .text.init_status_struct
                0x0040d148       0x18 Task_Menu.o
 .text.init_conf_msgs_struct
                0x0040d160       0x38 Task_Menu.o
 .text.init_error_struct
                0x0040d198       0x30 Task_Menu.o
 .text.init_variable_struct
                0x0040d1c8       0xa4 Task_Menu.o
 .text.checkDeviceStatus
                0x0040d26c       0xac Task_Menu.o
 .text.setVariableBasedOnConfirmation
                0x0040d318      0x160 Task_Menu.o
 .text.createAndStartMenuUpdateTimers
                0x0040d478       0x70 Task_Menu.o
 .text.DrawMainScreen
                0x0040d4e8      0xa6c Task_Menu.o
 .text.DrawLowVoltageBattery
                0x0040df54      0x318 Task_Menu.o
 .text.DrawHighVoltageBattery
                0x0040e26c      0x288 Task_Menu.o
 .text.DrawSpeedScreen
                0x0040e4f4       0xd0 Task_Menu.o
 .text.DrawSystemMonitorScreen
                0x0040e5c4      0xaec Task_Menu.o
 .text.DrawTempAndVoltScreen
                0x0040f0b0     0x1f4c Task_Menu.o
 .text.DrawAdjustmentMenu
                0x00410ffc      0x318 Task_Menu.o
 .text.DrawECUAdjustmentScreen
                0x00411314     0x1818 Task_Menu.o
 .text.DrawDeviceStatusMenu
                0x00412b2c     0x1d18 Task_Menu.o
 .text.DrawDriveEnableWarning
                0x00414844      0xb08 Task_Menu.o
 .text.DrawLaunchControlProcedure
                0x0041534c      0x548 Task_Menu.o
 .text.DrawTorqueCalibrationScreen
                0x00415894     0x1064 Task_Menu.o
 .text.DrawSteerCalibScreen
                0x004168f8      0xad0 Task_Menu.o
 .text.drawHighVoltageSymbol
                0x004173c8       0x3c Task_Menu.o
 .text.slider_torque_update
                0x00417404       0x60 Task_Menu.o
 .text.slider_P_term_update
                0x00417464       0x60 Task_Menu.o
 .text.slider_I_term_update
                0x004174c4       0x60 Task_Menu.o
 .text.slider_D_term_update
                0x00417524       0x60 Task_Menu.o
 .text.main_msc_notify_trans
                0x00417584       0x24 Task_USBMSC.o
                0x00417584                main_msc_notify_trans
 .text.main_suspend_action
                0x004175a8        0xc Task_USBMSC.o
                0x004175a8                main_suspend_action
 .text.main_resume_action
                0x004175b4        0xc Task_USBMSC.o
                0x004175b4                main_resume_action
 .text.main_sof_action
                0x004175c0       0x24 Task_USBMSC.o
                0x004175c0                main_sof_action
 .text.main_msc_enable
                0x004175e4       0x1c Task_USBMSC.o
                0x004175e4                main_msc_enable
 .text.main_msc_disable
                0x00417600       0x18 Task_USBMSC.o
                0x00417600                main_msc_disable
 .text          0x00417618       0x4c c:/program files (x86)/atmel/atmel toolchain/arm gcc/native/4.8.1429/arm-gnu-toolchain/bin/../lib/gcc/arm-none-eabi/4.8.3/../../../../arm-none-eabi/lib/armv7e-m/softfp\libc.a(lib_a-init.o)
                0x00417618                __libc_init_array
 .text          0x00417664       0x1e c:/program files (x86)/atmel/atmel toolchain/arm gcc/native/4.8.1429/arm-gnu-toolchain/bin/../lib/gcc/arm-none-eabi/4.8.3/../../../../arm-none-eabi/lib/armv7e-m/softfp\libc.a(lib_a-memcmp.o)
                0x00417664                memcmp
 .text          0x00417682       0x12 c:/program files (x86)/atmel/atmel toolchain/arm gcc/native/4.8.1429/arm-gnu-toolchain/bin/../lib/gcc/arm-none-eabi/4.8.3/../../../../arm-none-eabi/lib/armv7e-m/softfp\libc.a(lib_a-memcpy-stub.o)
                0x00417682                memcpy
 .text          0x00417694       0x10 c:/program files (x86)/atmel/atmel toolchain/arm gcc/native/4.8.1429/arm-gnu-toolchain/bin/../lib/gcc/arm-none-eabi/4.8.3/../../../../arm-none-eabi/lib/armv7e-m/softfp\libc.a(lib_a-memset.o)
                0x00417694                memset
 .text          0x004176a4       0x4c c:/program files (x86)/atmel/atmel toolchain/arm gcc/native/4.8.1429/arm-gnu-toolchain/bin/../lib/gcc/arm-none-eabi/4.8.3/../../../../arm-none-eabi/lib/armv7e-m/softfp\libc.a(lib_a-rand.o)
                0x004176a4                srand
                0x004176b4                rand
 .text          0x004176f0       0x10 c:/program files (x86)/atmel/atmel toolchain/arm gcc/native/4.8.1429/arm-gnu-toolchain/bin/../lib/gcc/arm-none-eabi/4.8.3/../../../../arm-none-eabi/lib/armv7e-m/softfp\libc.a(lib_a-strlen.o)
                0x004176f0                strlen
 .text.startup  0x00417700       0x14 c:/program files (x86)/atmel/atmel toolchain/arm gcc/native/4.8.1429/arm-gnu-toolchain/bin/../lib/gcc/arm-none-eabi/4.8.3/../../../../arm-none-eabi/lib/armv7e-m/softfp\libc.a(lib_a-__call_atexit.o)
 .text          0x00417714        0xc c:/program files (x86)/atmel/atmel toolchain/arm gcc/native/4.8.1429/arm-gnu-toolchain/bin/../lib/gcc/arm-none-eabi/4.8.3/../../../../arm-none-eabi/lib/armv7e-m/softfp\libc.a(lib_a-atexit.o)
                0x00417714                atexit
 .text          0x00417720       0x2c c:/program files (x86)/atmel/atmel toolchain/arm gcc/native/4.8.1429/arm-gnu-toolchain/bin/../lib/gcc/arm-none-eabi/4.8.3/../../../../arm-none-eabi/lib/armv7e-m/softfp\libc.a(lib_a-fini.o)
                0x00417720                __libc_fini_array
 .text          0x0041774c       0x98 c:/program files (x86)/atmel/atmel toolchain/arm gcc/native/4.8.1429/arm-gnu-toolchain/bin/../lib/gcc/arm-none-eabi/4.8.3/../../../../arm-none-eabi/lib/armv7e-m/softfp\libc.a(lib_a-__atexit.o)
                0x0041774c                __register_exitproc
 *(.glue_7t)
 .glue_7t       0x00000000        0x0 linker stubs
 *(.glue_7)
 .glue_7        0x00000000        0x0 linker stubs
 *(.rodata .rodata* .gnu.linkonce.r.*)
 .rodata        0x004177e4       0x40 DriversNotInBase/config_sd_msc/ctrl_access.o
 .rodata        0x00417824       0x9c DriversNotInBase/SD_FAT/sd_mmc.o
                0x00417824                sd_mmc_trans_units
                0x00417840                sd_trans_multipliers
                0x00417880                mmc_trans_multipliers
 .rodata        0x004178c0       0x10 DriversNotInBase/usb/udc.o
 .rodata        0x004178d0       0x58 main.o
 .rodata        0x00417928       0x40 sam4e-base/FreeRTOS/Source/portable/GCC/ARM_CM4F/port.o
 .rodata        0x00417968       0x3c sam4e-base/FreeRTOS/Source/portable/MemMang/heap_4.o
 .rodata        0x004179a4       0x28 sam4e-base/FreeRTOS/Source/queue.o
 .rodata        0x004179cc       0x6c sam4e-base/FreeRTOS/Source/tasks.o
 .rodata        0x00417a38       0x38 sam4e-base/FreeRTOS/Source/timers.o
 .rodata        0x00417a70       0x6c sam4e-base/RevolveDrivers/can.o
                0x00417a70                can_bit_time
 .rodata        0x00417adc       0x1c snakeGame.o
 .rodata        0x00417af8     0x3418 Task_Menu.o
                0x00417e24                revolvelogo
                0x00418624                high_voltage_symbol
                0x0041a668                menu_000
                0x0041a670                menu_001
                0x0041a678                menu_002
                0x0041a688                menu_003
                0x0041a6a4                menu_200
                0x0041a6b4                menu_201
                0x0041a6c4                menu_202
                0x0041a6d0                menu_203
                0x0041a6ec                menu_204
                0x0041a6f8                menu_300
                0x0041a708                menu_400
                0x0041a718                menu_500
                0x0041a730                menu_600
                0x0041a73c                menu_601
                0x0041a748                menu_602
                0x0041a750                menu_603
                0x0041a758                menu_604
                0x0041a760                menu_605
                0x0041a768                menu_606
                0x0041a770                menu_900
                0x0041a788                menu_901
                0x0041a7a0                menu_902
                0x0041a7c0                menu
 .rodata        0x0041af10        0x4 c:/program files (x86)/atmel/atmel toolchain/arm gcc/native/4.8.1429/arm-gnu-toolchain/bin/../lib/gcc/arm-none-eabi/4.8.3/../../../../arm-none-eabi/lib/armv7e-m/softfp\libc.a(lib_a-impure.o)
                0x0041af10                _global_impure_ptr
 .rodata.str1.1
                0x0041af14        0x2 c:/program files (x86)/atmel/atmel toolchain/arm gcc/native/4.8.1429/arm-gnu-toolchain/bin/../lib/gcc/arm-none-eabi/4.8.3/../../../../arm-none-eabi/lib/armv7e-m/softfp\libc.a(lib_a-impure.o)
 *(.ARM.extab* .gnu.linkonce.armextab.*)
                0x0041af18                . = ALIGN (0x4)
 *fill*         0x0041af16        0x2 
 *(.init)
 .init          0x0041af18        0x4 c:/program files (x86)/atmel/atmel toolchain/arm gcc/native/4.8.1429/arm-gnu-toolchain/bin/../lib/gcc/arm-none-eabi/4.8.3/armv7e-m/softfp/crti.o
                0x0041af18                _init
 .init          0x0041af1c        0x8 c:/program files (x86)/atmel/atmel toolchain/arm gcc/native/4.8.1429/arm-gnu-toolchain/bin/../lib/gcc/arm-none-eabi/4.8.3/armv7e-m/softfp/crtn.o
                0x0041af24                . = ALIGN (0x4)
                0x0041af24                __preinit_array_start = .
 *(.preinit_array)
                0x0041af24                __preinit_array_end = .
                0x0041af24                . = ALIGN (0x4)
                0x0041af24                __init_array_start = .
 *(SORT(.init_array.*))
 .init_array.00000
                0x0041af24        0x4 c:/program files (x86)/atmel/atmel toolchain/arm gcc/native/4.8.1429/arm-gnu-toolchain/bin/../lib/gcc/arm-none-eabi/4.8.3/../../../../arm-none-eabi/lib/armv7e-m/softfp\libc.a(lib_a-__call_atexit.o)
 *(.init_array)
 .init_array    0x0041af28        0x4 c:/program files (x86)/atmel/atmel toolchain/arm gcc/native/4.8.1429/arm-gnu-toolchain/bin/../lib/gcc/arm-none-eabi/4.8.3/armv7e-m/softfp/crtbegin.o
                0x0041af2c                __init_array_end = .
                0x0041af2c                . = ALIGN (0x4)
 *crtbegin.o(.ctors)
 *(EXCLUDE_FILE(*crtend.o) .ctors)
 *(SORT(.ctors.*))
 *crtend.o(.ctors)
                0x0041af2c                . = ALIGN (0x4)
 *(.fini)
 .fini          0x0041af2c        0x4 c:/program files (x86)/atmel/atmel toolchain/arm gcc/native/4.8.1429/arm-gnu-toolchain/bin/../lib/gcc/arm-none-eabi/4.8.3/armv7e-m/softfp/crti.o
                0x0041af2c                _fini
 .fini          0x0041af30        0x8 c:/program files (x86)/atmel/atmel toolchain/arm gcc/native/4.8.1429/arm-gnu-toolchain/bin/../lib/gcc/arm-none-eabi/4.8.3/armv7e-m/softfp/crtn.o
                0x0041af38                . = ALIGN (0x4)
                0x0041af38                __fini_array_start = .
 *(.fini_array)
 .fini_array    0x0041af38        0x4 c:/program files (x86)/atmel/atmel toolchain/arm gcc/native/4.8.1429/arm-gnu-toolchain/bin/../lib/gcc/arm-none-eabi/4.8.3/armv7e-m/softfp/crtbegin.o
 *(SORT(.fini_array.*))
                0x0041af3c                __fini_array_end = .
 *crtbegin.o(.dtors)
 *(EXCLUDE_FILE(*crtend.o) .dtors)
 *(SORT(.dtors.*))
 *crtend.o(.dtors)
                0x0041af3c                . = ALIGN (0x4)
                0x0041af3c                _efixed = .
                0x0041af3c                PROVIDE (__exidx_start, .)

.vfp11_veneer   0x0041af3c        0x0
 .vfp11_veneer  0x00000000        0x0 linker stubs

.v4_bx          0x0041af3c        0x0
 .v4_bx         0x00000000        0x0 linker stubs

.iplt           0x0041af3c        0x0
 .iplt          0x00000000        0x0 c:/program files (x86)/atmel/atmel toolchain/arm gcc/native/4.8.1429/arm-gnu-toolchain/bin/../lib/gcc/arm-none-eabi/4.8.3/armv7e-m/softfp/crtbegin.o

.eh_frame       0x0041af3c        0x0
 .eh_frame      0x0041af3c        0x0 c:/program files (x86)/atmel/atmel toolchain/arm gcc/native/4.8.1429/arm-gnu-toolchain/bin/../lib/gcc/arm-none-eabi/4.8.3/armv7e-m/softfp/crtbegin.o

.rel.dyn        0x0041af3c        0x0
 .rel.iplt      0x00000000        0x0 c:/program files (x86)/atmel/atmel toolchain/arm gcc/native/4.8.1429/arm-gnu-toolchain/bin/../lib/gcc/arm-none-eabi/4.8.3/armv7e-m/softfp/crtbegin.o

.jcr            0x0041af3c        0x0
 .jcr           0x0041af3c        0x0 c:/program files (x86)/atmel/atmel toolchain/arm gcc/native/4.8.1429/arm-gnu-toolchain/bin/../lib/gcc/arm-none-eabi/4.8.3/armv7e-m/softfp/crtbegin.o

.tm_clone_table
                0x0041af3c        0x0
 .tm_clone_table
                0x0041af3c        0x0 c:/program files (x86)/atmel/atmel toolchain/arm gcc/native/4.8.1429/arm-gnu-toolchain/bin/../lib/gcc/arm-none-eabi/4.8.3/armv7e-m/softfp/crtbegin.o
 .tm_clone_table
                0x0041af3c        0x0 c:/program files (x86)/atmel/atmel toolchain/arm gcc/native/4.8.1429/arm-gnu-toolchain/bin/../lib/gcc/arm-none-eabi/4.8.3/armv7e-m/softfp/crtend.o

.igot.plt       0x0041af3c        0x0
 .igot.plt      0x00000000        0x0 c:/program files (x86)/atmel/atmel toolchain/arm gcc/native/4.8.1429/arm-gnu-toolchain/bin/../lib/gcc/arm-none-eabi/4.8.3/armv7e-m/softfp/crtbegin.o

.ARM.exidx
 *(.ARM.exidx* .gnu.linkonce.armexidx.*)
                0x0041af3c                PROVIDE (__exidx_end, .)
                0x0041af3c                . = ALIGN (0x4)
                0x0041af3c                _etext = .

.relocate       0x20000000      0x630 load address 0x0041af3c
                0x20000000                . = ALIGN (0x4)
                0x20000000                _srelocate = .
 *(.ramfunc .ramfunc.*)
 *(.data .data.*)
 .data          0x20000000        0x4 cmsis/src/system_sam4e.o
                0x20000000                SystemCoreClock
 .data          0x20000004        0x4 DriversNotInBase/delay.o
 .data          0x20000008        0x1 DriversNotInBase/Interrupt/interrupt_sam_nvic.o
                0x20000008                g_interrupt_enabled
 *fill*         0x20000009        0x3 
 .data          0x2000000c       0x30 DriversNotInBase/usb/udc.o
 .data          0x2000003c       0x48 DriversNotInBase/usb/udi_msc.o
                0x2000003c                udi_api_msc
                0x2000005d                udi_msc_b_ack_trans
                0x2000005e                udi_msc_b_reset_trans
 .data          0x20000084       0x4c DriversNotInBase/usb/udi_msc_desc.o
                0x20000084                udc_device_desc
                0x20000098                udc_desc_fs
                0x200000b8                udi_apis
                0x200000bc                udc_config_lsfs
                0x200000c4                udc_config
 .data          0x200000d0        0x4 sam4e-base/FreeRTOS/Source/portable/GCC/ARM_CM4F/port.o
 .data          0x200000d4        0x4 sam4e-base/FreeRTOS/Source/tasks.o
 .data          0x200000d8        0x4 snakeGame.o
 *fill*         0x200000dc        0x4 
 .data          0x200000e0      0x120 Task_Menu.o
                0x200000e0                btn
                0x200000f0                device_state
                0x20000100                ecu_error_names
                0x20000128                bms_fault_names
                0x20000178                bms_warning_names
                0x200001a0                TorquePedalCalibrationMax
                0x200001b0                TorquePedalCalibrationMin
                0x200001c0                SteeringCalibrationLeft
                0x200001d0                SteeringCalibrationRight
                0x200001e0                Acknowledge
                0x200001f0                FinishedRTDS
 .data          0x20000200      0x430 c:/program files (x86)/atmel/atmel toolchain/arm gcc/native/4.8.1429/arm-gnu-toolchain/bin/../lib/gcc/arm-none-eabi/4.8.3/../../../../arm-none-eabi/lib/armv7e-m/softfp\libc.a(lib_a-impure.o)
                0x20000200                _impure_ptr
                0x20000630                . = ALIGN (0x4)
                0x20000630                _erelocate = .

.bss            0x20000630    0x12324 load address 0x0041b570
                0x20000630                . = ALIGN (0x4)
                0x20000630                _sbss = .
                0x20000630                _szero = .
 *(.bss .bss.*)
 .bss           0x20000630       0x1c c:/program files (x86)/atmel/atmel toolchain/arm gcc/native/4.8.1429/arm-gnu-toolchain/bin/../lib/gcc/arm-none-eabi/4.8.3/armv7e-m/softfp/crtbegin.o
 .bss           0x2000064c       0x14 CanHandler.o
                0x2000064c                xDeviceStatusQueue
                0x20000650                xRemoteControlQueue
                0x20000654                xDataLoggerQueue
                0x20000658                xDashQueue
 .bss           0x20000660        0x4 DriversNotInBase/FT800.o
                0x20000660                cmd_offset
                0x20000662                dli
 .bss           0x20000664        0x8 DriversNotInBase/SD_FAT/hsmci.o
 .bss           0x2000066c       0x30 DriversNotInBase/SD_FAT/sd_mmc.o
 .bss           0x2000069c        0x4 DriversNotInBase/SD_FAT/sd_mmc_mem.o
 .bss           0x200006a0        0x4 DriversNotInBase/spi.o
 .bss           0x200006a4       0x18 DriversNotInBase/usb/udc.o
 .bss           0x200006bc       0x60 DriversNotInBase/usb/udi_msc.o
 .bss           0x2000071c       0x38 DriversNotInBase/usb/udp_device.o
 .bss           0x20000754        0x8 sam4e-base/FreeRTOS/RunTimeStatsTimer.o
 .bss           0x2000075c       0x14 sam4e-base/FreeRTOS/Source/portable/GCC/ARM_CM4F/port.o
 .bss           0x20000770    0x11818 sam4e-base/FreeRTOS/Source/portable/MemMang/heap_4.o
 .bss           0x20011f88      0x104 sam4e-base/FreeRTOS/Source/tasks.o
                0x20011f88                pxCurrentTCB
 .bss           0x2001208c       0x38 sam4e-base/FreeRTOS/Source/timers.o
 .bss           0x200120c4      0x280 sam4e-base/RevolveDrivers/pio.o
 .bss           0x20012344        0x4 snakeGame.o
                0x20012345                snakeGameState
 .bss           0x20012348        0x2 Task_ButtonInput.o
                0x20012348                rotary_cw
                0x20012349                rotary_ccw
 *fill*         0x2001234a        0x2 
 .bss           0x2001234c       0x34 Task_Menu.o
                0x20012368                xButtonStruct
                0x2001236c                spi_semaphore
                0x20012370                can_mutex_0
                0x20012374                can_mutex_1
                0x20012378                menuUpdate
                0x20012379                selected
 .bss           0x20012380       0x10 Task_USBMSC.o
                0x20012384                file_access_mutex
                0x20012388                mscTaskHandle
 *(COMMON)
 COMMON         0x20012390       0x18 CanHandler.o
                0x20012390                SensorPacket
 COMMON         0x200123a8      0x400 DriversNotInBase/SD_FAT/sd_mmc_mem.o
                0x200123a8                sector_buf_1
                0x200125a8                sector_buf_0
 COMMON         0x200127a8        0x8 DriversNotInBase/spi.o
                0x200127a8                spi_handlerIsDoneSempahore
                0x200127ac                spi_mutex
 COMMON         0x200127b0        0x1 DriversNotInBase/usb/udi_msc.o
                0x200127b0                udi_msc_b_abort_trans
 *fill*         0x200127b1        0x3 
 COMMON         0x200127b4       0x18 DriversNotInBase/usb/udp_device.o
                0x200127b4                udd_g_ctrlreq
 COMMON         0x200127cc       0x40 sam4e-base/FreeRTOS/Source/queue.o
                0x200127cc                xQueueRegistry
 COMMON         0x2001280c      0x144 snakeGame.o
                0x2001280c                snakeQueue
                0x20012810                SnakeSegment
                0x20012814                snakeUpdateTimer
                0x20012818                gameMap
 COMMON         0x20012950        0x4 Task_USBMSC.o
                0x20012950                main_trans_semphr
                0x20012954                . = ALIGN (0x4)
                0x20012954                _ebss = .
                0x20012954                _ezero = .

.stack          0x20012954      0x404 load address 0x0042d894
                0x20012958                . = ALIGN (0x8)
 *fill*         0x20012954        0x4 
                0x20012958                _sstack = .
                0x20012d58                . = (. + STACK_SIZE)
 *fill*         0x20012958      0x400 
                0x20012d58                . = ALIGN (0x8)
                0x20012d58                _estack = .

.heap           0x20012d58      0x200 load address 0x0042dc98
                0x20012d58                . = ALIGN (0x8)
                0x20012d58                _sheap = .
                0x20012f58                . = (. + HEAP_SIZE)
 *fill*         0x20012d58      0x200 
                0x20012f58                . = ALIGN (0x8)
                0x20012f58                _eheap = .
                0x20012f58                . = ALIGN (0x4)
                0x20012f58                _end = .
                0x2001ffff                _ram_end_ = ((ORIGIN (ram) + 0x20000) - 0x1)
OUTPUT(Dashboard-2015.elf elf32-littlearm)

.ARM.attributes
                0x00000000       0x2e
 .ARM.attributes
                0x00000000       0x22 c:/program files (x86)/atmel/atmel toolchain/arm gcc/native/4.8.1429/arm-gnu-toolchain/bin/../lib/gcc/arm-none-eabi/4.8.3/armv7e-m/softfp/crti.o
 .ARM.attributes
                0x00000022       0x32 c:/program files (x86)/atmel/atmel toolchain/arm gcc/native/4.8.1429/arm-gnu-toolchain/bin/../lib/gcc/arm-none-eabi/4.8.3/armv7e-m/softfp/crtbegin.o
 .ARM.attributes
                0x00000054       0x37 CanHandler.o
 .ARM.attributes
                0x0000008b       0x37 cmsis/src/startup_sam4e.o
 .ARM.attributes
                0x000000c2       0x37 cmsis/src/system_sam4e.o
 .ARM.attributes
                0x000000f9       0x37 DriversNotInBase/config_sd_msc/ctrl_access.o
 .ARM.attributes
                0x00000130       0x37 DriversNotInBase/IO_DashInit.o
 .ARM.attributes
                0x00000167       0x37 DriversNotInBase/delay.o
 .ARM.attributes
                0x0000019e       0x37 DriversNotInBase/FT800.o
 .ARM.attributes
                0x000001d5       0x37 DriversNotInBase/Interrupt/interrupt_sam_nvic.o
 .ARM.attributes
                0x0000020c       0x37 DriversNotInBase/SD_FAT/hsmci.o
 .ARM.attributes
                0x00000243       0x37 DriversNotInBase/SD_FAT/sd_mmc.o
 .ARM.attributes
                0x0000027a       0x37 DriversNotInBase/SD_FAT/sd_mmc_mem.o
 .ARM.attributes
                0x000002b1       0x37 DriversNotInBase/spi.o
 .ARM.attributes
                0x000002e8       0x37 DriversNotInBase/usb/udc.o
 .ARM.attributes
                0x0000031f       0x37 DriversNotInBase/usb/udi_msc.o
 .ARM.attributes
                0x00000356       0x37 DriversNotInBase/usb/udi_msc_desc.o
 .ARM.attributes
                0x0000038d       0x37 DriversNotInBase/usb/udp_device.o
 .ARM.attributes
                0x000003c4       0x37 main.o
 .ARM.attributes
                0x000003fb       0x37 sam4e-base/FreeRTOS/RunTimeStatsTimer.o
 .ARM.attributes
                0x00000432       0x37 sam4e-base/FreeRTOS/Source/list.o
 .ARM.attributes
                0x00000469       0x37 sam4e-base/FreeRTOS/Source/portable/GCC/ARM_CM4F/port.o
 .ARM.attributes
                0x000004a0       0x37 sam4e-base/FreeRTOS/Source/portable/MemMang/heap_4.o
 .ARM.attributes
                0x000004d7       0x37 sam4e-base/FreeRTOS/Source/queue.o
 .ARM.attributes
                0x0000050e       0x37 sam4e-base/FreeRTOS/Source/tasks.o
 .ARM.attributes
                0x00000545       0x37 sam4e-base/FreeRTOS/Source/timers.o
 .ARM.attributes
                0x0000057c       0x37 sam4e-base/RevolveDrivers/can.o
 .ARM.attributes
                0x000005b3       0x37 sam4e-base/RevolveDrivers/eefc.o
 .ARM.attributes
                0x000005ea       0x37 sam4e-base/RevolveDrivers/pio.o
 .ARM.attributes
                0x00000621       0x37 sam4e-base/RevolveDrivers/pmc.o
 .ARM.attributes
                0x00000658       0x37 snakeGame.o
 .ARM.attributes
                0x0000068f       0x37 Task_ButtonInput.o
 .ARM.attributes
                0x000006c6       0x37 Task_Menu.o
 .ARM.attributes
                0x000006fd       0x37 Task_USBMSC.o
 .ARM.attributes
                0x00000734       0x32 c:/program files (x86)/atmel/atmel toolchain/arm gcc/native/4.8.1429/arm-gnu-toolchain/bin/../lib/gcc/arm-none-eabi/4.8.3/../../../../arm-none-eabi/lib/armv7e-m/softfp\libc.a(lib_a-impure.o)
 .ARM.attributes
                0x00000766       0x32 c:/program files (x86)/atmel/atmel toolchain/arm gcc/native/4.8.1429/arm-gnu-toolchain/bin/../lib/gcc/arm-none-eabi/4.8.3/../../../../arm-none-eabi/lib/armv7e-m/softfp\libc.a(lib_a-init.o)
 .ARM.attributes
                0x00000798       0x32 c:/program files (x86)/atmel/atmel toolchain/arm gcc/native/4.8.1429/arm-gnu-toolchain/bin/../lib/gcc/arm-none-eabi/4.8.3/../../../../arm-none-eabi/lib/armv7e-m/softfp\libc.a(lib_a-memcmp.o)
 .ARM.attributes
                0x000007ca       0x32 c:/program files (x86)/atmel/atmel toolchain/arm gcc/native/4.8.1429/arm-gnu-toolchain/bin/../lib/gcc/arm-none-eabi/4.8.3/../../../../arm-none-eabi/lib/armv7e-m/softfp\libc.a(lib_a-memcpy-stub.o)
 .ARM.attributes
                0x000007fc       0x32 c:/program files (x86)/atmel/atmel toolchain/arm gcc/native/4.8.1429/arm-gnu-toolchain/bin/../lib/gcc/arm-none-eabi/4.8.3/../../../../arm-none-eabi/lib/armv7e-m/softfp\libc.a(lib_a-memset.o)
 .ARM.attributes
                0x0000082e       0x32 c:/program files (x86)/atmel/atmel toolchain/arm gcc/native/4.8.1429/arm-gnu-toolchain/bin/../lib/gcc/arm-none-eabi/4.8.3/../../../../arm-none-eabi/lib/armv7e-m/softfp\libc.a(lib_a-rand.o)
 .ARM.attributes
                0x00000860       0x32 c:/program files (x86)/atmel/atmel toolchain/arm gcc/native/4.8.1429/arm-gnu-toolchain/bin/../lib/gcc/arm-none-eabi/4.8.3/../../../../arm-none-eabi/lib/armv7e-m/softfp\libc.a(lib_a-strlen.o)
 .ARM.attributes
                0x00000892       0x32 c:/program files (x86)/atmel/atmel toolchain/arm gcc/native/4.8.1429/arm-gnu-toolchain/bin/../lib/gcc/arm-none-eabi/4.8.3/../../../../arm-none-eabi/lib/armv7e-m/softfp\libc.a(lib_a-__call_atexit.o)
 .ARM.attributes
                0x000008c4       0x32 c:/program files (x86)/atmel/atmel toolchain/arm gcc/native/4.8.1429/arm-gnu-toolchain/bin/../lib/gcc/arm-none-eabi/4.8.3/../../../../arm-none-eabi/lib/armv7e-m/softfp\libc.a(lib_a-atexit.o)
 .ARM.attributes
                0x000008f6       0x32 c:/program files (x86)/atmel/atmel toolchain/arm gcc/native/4.8.1429/arm-gnu-toolchain/bin/../lib/gcc/arm-none-eabi/4.8.3/../../../../arm-none-eabi/lib/armv7e-m/softfp\libc.a(lib_a-fini.o)
 .ARM.attributes
                0x00000928       0x32 c:/program files (x86)/atmel/atmel toolchain/arm gcc/native/4.8.1429/arm-gnu-toolchain/bin/../lib/gcc/arm-none-eabi/4.8.3/../../../../arm-none-eabi/lib/armv7e-m/softfp\libc.a(lib_a-__atexit.o)
 .ARM.attributes
                0x0000095a       0x32 c:/program files (x86)/atmel/atmel toolchain/arm gcc/native/4.8.1429/arm-gnu-toolchain/bin/../lib/gcc/arm-none-eabi/4.8.3/armv7e-m/softfp/crtend.o
 .ARM.attributes
                0x0000098c       0x22 c:/program files (x86)/atmel/atmel toolchain/arm gcc/native/4.8.1429/arm-gnu-toolchain/bin/../lib/gcc/arm-none-eabi/4.8.3/armv7e-m/softfp/crtn.o

.comment        0x00000000       0x71
 .comment       0x00000000       0x71 c:/program files (x86)/atmel/atmel toolchain/arm gcc/native/4.8.1429/arm-gnu-toolchain/bin/../lib/gcc/arm-none-eabi/4.8.3/armv7e-m/softfp/crtbegin.o
                                 0x72 (size before relaxing)
 .comment       0x00000000       0x72 CanHandler.o
 .comment       0x00000000       0x72 cmsis/src/startup_sam4e.o
 .comment       0x00000000       0x72 cmsis/src/system_sam4e.o
 .comment       0x00000000       0x72 DriversNotInBase/config_sd_msc/ctrl_access.o
 .comment       0x00000000       0x72 DriversNotInBase/IO_DashInit.o
 .comment       0x00000000       0x72 DriversNotInBase/delay.o
 .comment       0x00000000       0x72 DriversNotInBase/FT800.o
 .comment       0x00000000       0x72 DriversNotInBase/Interrupt/interrupt_sam_nvic.o
 .comment       0x00000000       0x72 DriversNotInBase/SD_FAT/hsmci.o
 .comment       0x00000000       0x72 DriversNotInBase/SD_FAT/sd_mmc.o
 .comment       0x00000000       0x72 DriversNotInBase/SD_FAT/sd_mmc_mem.o
 .comment       0x00000000       0x72 DriversNotInBase/spi.o
 .comment       0x00000000       0x72 DriversNotInBase/usb/udc.o
 .comment       0x00000000       0x72 DriversNotInBase/usb/udi_msc.o
 .comment       0x00000000       0x72 DriversNotInBase/usb/udi_msc_desc.o
 .comment       0x00000000       0x72 DriversNotInBase/usb/udp_device.o
 .comment       0x00000000       0x72 main.o
 .comment       0x00000000       0x72 sam4e-base/FreeRTOS/RunTimeStatsTimer.o
 .comment       0x00000000       0x72 sam4e-base/FreeRTOS/Source/list.o
 .comment       0x00000000       0x72 sam4e-base/FreeRTOS/Source/portable/GCC/ARM_CM4F/port.o
 .comment       0x00000000       0x72 sam4e-base/FreeRTOS/Source/portable/MemMang/heap_4.o
 .comment       0x00000000       0x72 sam4e-base/FreeRTOS/Source/queue.o
 .comment       0x00000000       0x72 sam4e-base/FreeRTOS/Source/tasks.o
 .comment       0x00000000       0x72 sam4e-base/FreeRTOS/Source/timers.o
 .comment       0x00000000       0x72 sam4e-base/RevolveDrivers/can.o
 .comment       0x00000000       0x72 sam4e-base/RevolveDrivers/eefc.o
 .comment       0x00000000       0x72 sam4e-base/RevolveDrivers/pio.o
 .comment       0x00000000       0x72 sam4e-base/RevolveDrivers/pmc.o
 .comment       0x00000000       0x72 snakeGame.o
 .comment       0x00000000       0x72 Task_ButtonInput.o
 .comment       0x00000000       0x72 Task_Menu.o
 .comment       0x00000000       0x72 Task_USBMSC.o
 .comment       0x00000000       0x72 c:/program files (x86)/atmel/atmel toolchain/arm gcc/native/4.8.1429/arm-gnu-toolchain/bin/../lib/gcc/arm-none-eabi/4.8.3/../../../../arm-none-eabi/lib/armv7e-m/softfp\libc.a(lib_a-impure.o)
 .comment       0x00000000       0x72 c:/program files (x86)/atmel/atmel toolchain/arm gcc/native/4.8.1429/arm-gnu-toolchain/bin/../lib/gcc/arm-none-eabi/4.8.3/../../../../arm-none-eabi/lib/armv7e-m/softfp\libc.a(lib_a-init.o)
 .comment       0x00000000       0x72 c:/program files (x86)/atmel/atmel toolchain/arm gcc/native/4.8.1429/arm-gnu-toolchain/bin/../lib/gcc/arm-none-eabi/4.8.3/../../../../arm-none-eabi/lib/armv7e-m/softfp\libc.a(lib_a-memcmp.o)
 .comment       0x00000000       0x72 c:/program files (x86)/atmel/atmel toolchain/arm gcc/native/4.8.1429/arm-gnu-toolchain/bin/../lib/gcc/arm-none-eabi/4.8.3/../../../../arm-none-eabi/lib/armv7e-m/softfp\libc.a(lib_a-memcpy-stub.o)
 .comment       0x00000000       0x72 c:/program files (x86)/atmel/atmel toolchain/arm gcc/native/4.8.1429/arm-gnu-toolchain/bin/../lib/gcc/arm-none-eabi/4.8.3/../../../../arm-none-eabi/lib/armv7e-m/softfp\libc.a(lib_a-memset.o)
 .comment       0x00000000       0x72 c:/program files (x86)/atmel/atmel toolchain/arm gcc/native/4.8.1429/arm-gnu-toolchain/bin/../lib/gcc/arm-none-eabi/4.8.3/../../../../arm-none-eabi/lib/armv7e-m/softfp\libc.a(lib_a-rand.o)
 .comment       0x00000000       0x72 c:/program files (x86)/atmel/atmel toolchain/arm gcc/native/4.8.1429/arm-gnu-toolchain/bin/../lib/gcc/arm-none-eabi/4.8.3/../../../../arm-none-eabi/lib/armv7e-m/softfp\libc.a(lib_a-strlen.o)
 .comment       0x00000000       0x72 c:/program files (x86)/atmel/atmel toolchain/arm gcc/native/4.8.1429/arm-gnu-toolchain/bin/../lib/gcc/arm-none-eabi/4.8.3/../../../../arm-none-eabi/lib/armv7e-m/softfp\libc.a(lib_a-__call_atexit.o)
 .comment       0x00000000       0x72 c:/program files (x86)/atmel/atmel toolchain/arm gcc/native/4.8.1429/arm-gnu-toolchain/bin/../lib/gcc/arm-none-eabi/4.8.3/../../../../arm-none-eabi/lib/armv7e-m/softfp\libc.a(lib_a-atexit.o)
 .comment       0x00000000       0x72 c:/program files (x86)/atmel/atmel toolchain/arm gcc/native/4.8.1429/arm-gnu-toolchain/bin/../lib/gcc/arm-none-eabi/4.8.3/../../../../arm-none-eabi/lib/armv7e-m/softfp\libc.a(lib_a-fini.o)
 .comment       0x00000000       0x72 c:/program files (x86)/atmel/atmel toolchain/arm gcc/native/4.8.1429/arm-gnu-toolchain/bin/../lib/gcc/arm-none-eabi/4.8.3/../../../../arm-none-eabi/lib/armv7e-m/softfp\libc.a(lib_a-__atexit.o)
 .comment       0x00000000       0x72 c:/program files (x86)/atmel/atmel toolchain/arm gcc/native/4.8.1429/arm-gnu-toolchain/bin/../lib/gcc/arm-none-eabi/4.8.3/armv7e-m/softfp/crtend.o

.debug_info     0x00000000    0x1873a
 .debug_info    0x00000000      0x873 CanHandler.o
 .debug_info    0x00000873      0x6d0 cmsis/src/startup_sam4e.o
 .debug_info    0x00000f43      0x499 cmsis/src/system_sam4e.o
 .debug_info    0x000013dc      0x607 DriversNotInBase/config_sd_msc/ctrl_access.o
 .debug_info    0x000019e3      0x78d DriversNotInBase/IO_DashInit.o
 .debug_info    0x00002170      0x15c DriversNotInBase/delay.o
 .debug_info    0x000022cc      0x5c7 DriversNotInBase/FT800.o
 .debug_info    0x00002893      0x1d3 DriversNotInBase/Interrupt/interrupt_sam_nvic.o
 .debug_info    0x00002a66      0x90d DriversNotInBase/SD_FAT/hsmci.o
 .debug_info    0x00003373      0xe37 DriversNotInBase/SD_FAT/sd_mmc.o
 .debug_info    0x000041aa      0x76d DriversNotInBase/SD_FAT/sd_mmc_mem.o
 .debug_info    0x00004917     0x1092 DriversNotInBase/spi.o
 .debug_info    0x000059a9      0xd11 DriversNotInBase/usb/udc.o
 .debug_info    0x000066ba      0xea0 DriversNotInBase/usb/udi_msc.o
 .debug_info    0x0000755a      0x621 DriversNotInBase/usb/udi_msc_desc.o
 .debug_info    0x00007b7b     0x1d77 DriversNotInBase/usb/udp_device.o
 .debug_info    0x000098f2      0xb4f main.o
 .debug_info    0x0000a441       0xf1 sam4e-base/FreeRTOS/RunTimeStatsTimer.o
 .debug_info    0x0000a532      0x2c9 sam4e-base/FreeRTOS/Source/list.o
 .debug_info    0x0000a7fb      0x509 sam4e-base/FreeRTOS/Source/portable/GCC/ARM_CM4F/port.o
 .debug_info    0x0000ad04      0x313 sam4e-base/FreeRTOS/Source/portable/MemMang/heap_4.o
 .debug_info    0x0000b017     0x1091 sam4e-base/FreeRTOS/Source/queue.o
 .debug_info    0x0000c0a8     0x1b11 sam4e-base/FreeRTOS/Source/tasks.o
 .debug_info    0x0000dbb9      0x9d3 sam4e-base/FreeRTOS/Source/timers.o
 .debug_info    0x0000e58c     0x1349 sam4e-base/RevolveDrivers/can.o
 .debug_info    0x0000f8d5      0x110 sam4e-base/RevolveDrivers/eefc.o
 .debug_info    0x0000f9e5      0xf84 sam4e-base/RevolveDrivers/pio.o
 .debug_info    0x00010969      0x966 sam4e-base/RevolveDrivers/pmc.o
 .debug_info    0x000112cf      0x7a4 snakeGame.o
 .debug_info    0x00011a73      0x9c9 Task_ButtonInput.o
 .debug_info    0x0001243c     0x2905 Task_Menu.o
 .debug_info    0x00014d41      0xb87 Task_USBMSC.o
 .debug_info    0x000158c8      0x96c c:/program files (x86)/atmel/atmel toolchain/arm gcc/native/4.8.1429/arm-gnu-toolchain/bin/../lib/gcc/arm-none-eabi/4.8.3/../../../../arm-none-eabi/lib/armv7e-m/softfp\libc.a(lib_a-impure.o)
 .debug_info    0x00016234      0x112 c:/program files (x86)/atmel/atmel toolchain/arm gcc/native/4.8.1429/arm-gnu-toolchain/bin/../lib/gcc/arm-none-eabi/4.8.3/../../../../arm-none-eabi/lib/armv7e-m/softfp\libc.a(lib_a-init.o)
 .debug_info    0x00016346       0xf0 c:/program files (x86)/atmel/atmel toolchain/arm gcc/native/4.8.1429/arm-gnu-toolchain/bin/../lib/gcc/arm-none-eabi/4.8.3/../../../../arm-none-eabi/lib/armv7e-m/softfp\libc.a(lib_a-memcmp.o)
 .debug_info    0x00016436      0x103 c:/program files (x86)/atmel/atmel toolchain/arm gcc/native/4.8.1429/arm-gnu-toolchain/bin/../lib/gcc/arm-none-eabi/4.8.3/../../../../arm-none-eabi/lib/armv7e-m/softfp\libc.a(lib_a-memcpy-stub.o)
 .debug_info    0x00016539       0xd3 c:/program files (x86)/atmel/atmel toolchain/arm gcc/native/4.8.1429/arm-gnu-toolchain/bin/../lib/gcc/arm-none-eabi/4.8.3/../../../../arm-none-eabi/lib/armv7e-m/softfp\libc.a(lib_a-memset.o)
 .debug_info    0x0001660c      0x9a8 c:/program files (x86)/atmel/atmel toolchain/arm gcc/native/4.8.1429/arm-gnu-toolchain/bin/../lib/gcc/arm-none-eabi/4.8.3/../../../../arm-none-eabi/lib/armv7e-m/softfp\libc.a(lib_a-rand.o)
 .debug_info    0x00016fb4       0xcd c:/program files (x86)/atmel/atmel toolchain/arm gcc/native/4.8.1429/arm-gnu-toolchain/bin/../lib/gcc/arm-none-eabi/4.8.3/../../../../arm-none-eabi/lib/armv7e-m/softfp\libc.a(lib_a-strlen.o)
 .debug_info    0x00017081      0xa9d c:/program files (x86)/atmel/atmel toolchain/arm gcc/native/4.8.1429/arm-gnu-toolchain/bin/../lib/gcc/arm-none-eabi/4.8.3/../../../../arm-none-eabi/lib/armv7e-m/softfp\libc.a(lib_a-__call_atexit.o)
 .debug_info    0x00017b1e      0x10f c:/program files (x86)/atmel/atmel toolchain/arm gcc/native/4.8.1429/arm-gnu-toolchain/bin/../lib/gcc/arm-none-eabi/4.8.3/../../../../arm-none-eabi/lib/armv7e-m/softfp\libc.a(lib_a-atexit.o)
 .debug_info    0x00017c2d       0xf9 c:/program files (x86)/atmel/atmel toolchain/arm gcc/native/4.8.1429/arm-gnu-toolchain/bin/../lib/gcc/arm-none-eabi/4.8.3/../../../../arm-none-eabi/lib/armv7e-m/softfp\libc.a(lib_a-fini.o)
 .debug_info    0x00017d26      0xa14 c:/program files (x86)/atmel/atmel toolchain/arm gcc/native/4.8.1429/arm-gnu-toolchain/bin/../lib/gcc/arm-none-eabi/4.8.3/../../../../arm-none-eabi/lib/armv7e-m/softfp\libc.a(lib_a-__atexit.o)

.debug_abbrev   0x00000000     0x438b
 .debug_abbrev  0x00000000      0x1b0 CanHandler.o
 .debug_abbrev  0x000001b0      0x136 cmsis/src/startup_sam4e.o
 .debug_abbrev  0x000002e6       0xf5 cmsis/src/system_sam4e.o
 .debug_abbrev  0x000003db      0x16a DriversNotInBase/config_sd_msc/ctrl_access.o
 .debug_abbrev  0x00000545      0x12a DriversNotInBase/IO_DashInit.o
 .debug_abbrev  0x0000066f       0xb5 DriversNotInBase/delay.o
 .debug_abbrev  0x00000724      0x17b DriversNotInBase/FT800.o
 .debug_abbrev  0x0000089f       0xef DriversNotInBase/Interrupt/interrupt_sam_nvic.o
 .debug_abbrev  0x0000098e      0x24a DriversNotInBase/SD_FAT/hsmci.o
 .debug_abbrev  0x00000bd8      0x235 DriversNotInBase/SD_FAT/sd_mmc.o
 .debug_abbrev  0x00000e0d      0x155 DriversNotInBase/SD_FAT/sd_mmc_mem.o
 .debug_abbrev  0x00000f62      0x201 DriversNotInBase/spi.o
 .debug_abbrev  0x00001163      0x26b DriversNotInBase/usb/udc.o
 .debug_abbrev  0x000013ce      0x29c DriversNotInBase/usb/udi_msc.o
 .debug_abbrev  0x0000166a      0x107 DriversNotInBase/usb/udi_msc_desc.o
 .debug_abbrev  0x00001771      0x404 DriversNotInBase/usb/udp_device.o
 .debug_abbrev  0x00001b75      0x28e main.o
 .debug_abbrev  0x00001e03       0x90 sam4e-base/FreeRTOS/RunTimeStatsTimer.o
 .debug_abbrev  0x00001e93       0xc3 sam4e-base/FreeRTOS/Source/list.o
 .debug_abbrev  0x00001f56      0x20e sam4e-base/FreeRTOS/Source/portable/GCC/ARM_CM4F/port.o
 .debug_abbrev  0x00002164      0x15d sam4e-base/FreeRTOS/Source/portable/MemMang/heap_4.o
 .debug_abbrev  0x000022c1      0x20d sam4e-base/FreeRTOS/Source/queue.o
 .debug_abbrev  0x000024ce      0x283 sam4e-base/FreeRTOS/Source/tasks.o
 .debug_abbrev  0x00002751      0x196 sam4e-base/FreeRTOS/Source/timers.o
 .debug_abbrev  0x000028e7      0x2a6 sam4e-base/RevolveDrivers/can.o
 .debug_abbrev  0x00002b8d       0x9c sam4e-base/RevolveDrivers/eefc.o
 .debug_abbrev  0x00002c29      0x24e sam4e-base/RevolveDrivers/pio.o
 .debug_abbrev  0x00002e77      0x1a0 sam4e-base/RevolveDrivers/pmc.o
 .debug_abbrev  0x00003017      0x210 snakeGame.o
 .debug_abbrev  0x00003227      0x141 Task_ButtonInput.o
 .debug_abbrev  0x00003368      0x273 Task_Menu.o
 .debug_abbrev  0x000035db      0x1d3 Task_USBMSC.o
 .debug_abbrev  0x000037ae      0x160 c:/program files (x86)/atmel/atmel toolchain/arm gcc/native/4.8.1429/arm-gnu-toolchain/bin/../lib/gcc/arm-none-eabi/4.8.3/../../../../arm-none-eabi/lib/armv7e-m/softfp\libc.a(lib_a-impure.o)
 .debug_abbrev  0x0000390e       0xb8 c:/program files (x86)/atmel/atmel toolchain/arm gcc/native/4.8.1429/arm-gnu-toolchain/bin/../lib/gcc/arm-none-eabi/4.8.3/../../../../arm-none-eabi/lib/armv7e-m/softfp\libc.a(lib_a-init.o)
 .debug_abbrev  0x000039c6       0x8c c:/program files (x86)/atmel/atmel toolchain/arm gcc/native/4.8.1429/arm-gnu-toolchain/bin/../lib/gcc/arm-none-eabi/4.8.3/../../../../arm-none-eabi/lib/armv7e-m/softfp\libc.a(lib_a-memcmp.o)
 .debug_abbrev  0x00003a52       0xa2 c:/program files (x86)/atmel/atmel toolchain/arm gcc/native/4.8.1429/arm-gnu-toolchain/bin/../lib/gcc/arm-none-eabi/4.8.3/../../../../arm-none-eabi/lib/armv7e-m/softfp\libc.a(lib_a-memcpy-stub.o)
 .debug_abbrev  0x00003af4       0x8c c:/program files (x86)/atmel/atmel toolchain/arm gcc/native/4.8.1429/arm-gnu-toolchain/bin/../lib/gcc/arm-none-eabi/4.8.3/../../../../arm-none-eabi/lib/armv7e-m/softfp\libc.a(lib_a-memset.o)
 .debug_abbrev  0x00003b80      0x1b8 c:/program files (x86)/atmel/atmel toolchain/arm gcc/native/4.8.1429/arm-gnu-toolchain/bin/../lib/gcc/arm-none-eabi/4.8.3/../../../../arm-none-eabi/lib/armv7e-m/softfp\libc.a(lib_a-rand.o)